::1 - - [12/Aug/2026 20:37:54] "GET /index.html HTTP/1.1" 200 -
::1 - - [12/Aug/2026 20:44:49] "GET /assets/erik-electrical-toughjobs.webp HTTP/1.1" 200 -
::1 - - [12/Aug/2026 20:44:52] "GET /assets/services-logoLight.webp HTTP/1.1" 200 -
::1 - - [12/Aug/2026 20:44:52] "GET /assets/trade-hero-excavation.webp HTTP/1.1" 200 -
::1 - - [12/Aug/2026 20:44:52] "GET /assets/audio-visualizer.mp4 HTTP/1.1" 200 -
::1 - - [12/Aug/2026 20:44:52] "GET /assets/toughjobs-monogram-logo.webp HTTP/1.1" 200 -
::1 - - [12/Aug/2026 20:44:53] "GET /assets/construction-workers.mp4 HTTP/1.1" 200 -
::1 - - [12/Aug/2026 20:52:53] "GET / HTTP/1.1" 200 -
::1 - - [12/Aug/2026 20:53:06] "GET / HTTP/1.1" 304 -
::1 - - [12/Aug/2026 21:01:56] code 404, message File not found
::1 - - [12/Aug/2026 21:01:56] "GET /favicon.ico HTTP/1.1" 404 -
::1 - - [12/Aug/2026 21:02:07] "GET /trade-concrete-paving.html HTTP/1.1" 200 -
::1 - - [12/Aug/2026 21:02:07] "GET /css/trade-base.css?v=20260803b HTTP/1.1" 200 -
::1 - - [12/Aug/2026 21:02:07] "GET /css/trade-shared.css?v=20260803b HTTP/1.1" 200 -
::1 - - [12/Aug/2026 21:02:07] "GET /css/trade-sections.css?v=20260803b HTTP/1.1" 200 -
::1 - - [12/Aug/2026 21:02:07] "GET /Images/Logos/toughjobs-fist-logo-small.webp HTTP/1.1" 200 -
::1 - - [12/Aug/2026 21:02:07] "GET /assets/trade-hero-concrete-paving.webp HTTP/1.1" 200 -
::1 - - [12/Aug/2026 21:02:07] "GET /back-cta.js HTTP/1.1" 200 -
::1 - - [12/Aug/2026 21:02:07] "GET /service-hero-uniform.css?v=20260730b HTTP/1.1" 200 -
::1 - - [12/Aug/2026 21:02:07] "GET /assets/partnership-schematics-light.webp HTTP/1.1" 200 -
::1 - - [12/Aug/2026 21:02:10] "GET /assets/mockups/concrete-paving.webp HTTP/1.1" 200 -
::1 - - [12/Aug/2026 21:02:11] "GET /trade-images/concrete-paving.webp HTTP/1.1" 200 -
::1 - - [12/Aug/2026 21:04:41] "GET /service-areas.html HTTP/1.1" 200 -
::1 - - [12/Aug/2026 21:04:41] "GET /city-page.css HTTP/1.1" 200 -
::1 - - [12/Aug/2026 21:04:41] "GET /assets/woman-mower.webp HTTP/1.1" 200 -
::1 - - [12/Aug/2026 21:04:45] "GET /index.html HTTP/1.1" 200 -
::1 - - [12/Aug/2026 21:04:57] "GET /peoria-il.html HTTP/1.1" 200 -
::1 - - [12/Aug/2026 21:04:57] "GET /city-page.css?v=20260812 HTTP/1.1" 200 -
::1 - - [12/Aug/2026 21:04:57] "GET /assets/peoria-skyline-hero.webp HTTP/1.1" 200 -
::1 - - [12/Aug/2026 21:14:07] "GET /peoria-il.html HTTP/1.1" 200 -
::1 - - [12/Aug/2026 21:14:07] "GET /pc-logo-align.js HTTP/1.1" 200 -
::1 - - [12/Aug/2026 21:14:54] "GET /city-page.css?bust=1786587294031 HTTP/1.1" 200 -
::1 - - [12/Aug/2026 21:14:55] "GET /branding.html HTTP/1.1" 200 -
::1 - - [12/Aug/2026 21:14:55] "GET /service-page.css?v=20260804b HTTP/1.1" 200 -
::1 - - [12/Aug/2026 21:14:55] "GET /assets/macho-branding.webp HTTP/1.1" 200 -
::1 - - [12/Aug/2026 21:14:55] "GET /css/service-longform.css HTTP/1.1" 200 -
::1 - - [12/Aug/2026 21:14:55] "GET /css/trade-sections.css HTTP/1.1" 200 -
::1 - - [12/Aug/2026 21:14:55] "GET /css/faq-band.css HTTP/1.1" 200 -
::1 - - [12/Aug/2026 21:14:55] "GET /inject-footer.js HTTP/1.1" 200 -
::1 - - [12/Aug/2026 21:14:55] "GET /trade-data.js HTTP/1.1" 200 -
::1 - - [12/Aug/2026 21:14:55] "GET /service-page.js?v=20260729 HTTP/1.1" 200 -
::1 - - [12/Aug/2026 21:14:55] "GET /flying-tools.js HTTP/1.1" 200 -
::1 - - [12/Aug/2026 21:14:55] "GET /all-services-section.js HTTP/1.1" 200 -
::1 - - [12/Aug/2026 21:14:55] "GET /shared-footer.html HTTP/1.1" 200 -
::1 - - [12/Aug/2026 21:14:55] code 404, message File not found
::1 - - [12/Aug/2026 21:14:55] "GET /uploads/webp/wilderness-2.webp HTTP/1.1" 404 -
::1 - - [12/Aug/2026 21:14:55] "GET /assets/blueprint-bg-darker.webp HTTP/1.1" 200 -
::1 - - [12/Aug/2026 21:14:55] "GET /assets/floating-tools/chainsaw.webp HTTP/1.1" 200 -
::1 - - [12/Aug/2026 21:14:55] "GET /assets/floating-tools/hammer.webp HTTP/1.1" 200 -
::1 - - [12/Aug/2026 21:14:55] "GET /assets/floating-tools/trowel.webp HTTP/1.1" 200 -
::1 - - [12/Aug/2026 21:14:55] "GET /assets/floating-tools/screwdriver.webp HTTP/1.1" 200 -
::1 - - [12/Aug/2026 21:14:55] "GET /assets/floating-tools/tape-measure.webp HTTP/1.1" 200 -
::1 - - [12/Aug/2026 21:14:56] "GET /assets/wrap-truck-erik.webp HTTP/1.1" 200 -
::1 - - [12/Aug/2026 21:14:56] "GET /assets/wrap-trailer-guacnroll.webp HTTP/1.1" 200 -
::1 - - [12/Aug/2026 21:14:56] "GET /uploads/company-jackets-working.webp HTTP/1.1" 200 -
::1 - - [12/Aug/2026 21:14:56] "GET /print-images/seasonal-campaigns.webp HTTP/1.1" 200 -
::1 - - [12/Aug/2026 21:15:01] "GET /peoria-il.html?nocache=1 HTTP/1.1" 200 -
::1 - - [12/Aug/2026 21:15:01] "GET /pc-logo-align.js HTTP/1.1" 304 -
::1 - - [12/Aug/2026 21:15:13] code 404, message File not found
::1 - - [12/Aug/2026 21:15:13] "GET /uploads/webp/wilderness-2.webp HTTP/1.1" 404 -
::1 - - [12/Aug/2026 21:17:49] "GET /peoria-il.html HTTP/1.1" 200 -
::1 - - [12/Aug/2026 21:17:49] "GET /shared-header.css HTTP/1.1" 200 -
::1 - - [12/Aug/2026 21:17:49] "GET /assets/accessibility-logo.webp HTTP/1.1" 200 -
::1 - - [12/Aug/2026 21:17:49] "GET /inject-header.js?v=20260802b HTTP/1.1" 200 -
::1 - - [12/Aug/2026 21:17:49] "GET /city-page.css?v=20260812 HTTP/1.1" 200 -
::1 - - [12/Aug/2026 21:17:49] "GET /Images/Logos/toughjobs-fist-logo-small.webp HTTP/1.1" 200 -
::1 - - [12/Aug/2026 21:17:49] "GET /accessibility.js?v=20260729 HTTP/1.1" 200 -
::1 - - [12/Aug/2026 21:17:49] "GET /sticky-cta.js HTTP/1.1" 200 -
::1 - - [12/Aug/2026 21:17:49] "GET /cookie-consent.js HTTP/1.1" 200 -
::1 - - [12/Aug/2026 21:17:49] "GET /back-cta.js HTTP/1.1" 200 -
::1 - - [12/Aug/2026 21:17:49] "GET /chat-launcher.js?v=20260729 HTTP/1.1" 200 -
::1 - - [12/Aug/2026 21:17:49] "GET /image-finder-tab.js HTTP/1.1" 200 -
::1 - - [12/Aug/2026 21:17:49] "GET /pc-logo-align.js HTTP/1.1" 200 -
::1 - - [12/Aug/2026 21:17:49] "GET /assets/toughjobs-monogram-logo.webp HTTP/1.1" 200 -
::1 - - [12/Aug/2026 21:17:49] "GET /shared-header.html HTTP/1.1" 200 -
::1 - - [12/Aug/2026 21:17:49] "GET /assets/peoria-skyline-hero.webp HTTP/1.1" 200 -
::1 - - [12/Aug/2026 21:17:49] "GET /assets/blueprint-background.webp HTTP/1.1" 200 -
::1 - - [12/Aug/2026 21:17:49] "GET /assets/white-engineering-background.webp HTTP/1.1" 200 -
::1 - - [12/Aug/2026 21:17:49] "GET /image-finder-tab.css HTTP/1.1" 200 -
::1 - - [12/Aug/2026 21:17:49] "GET /assets/toughjobs-monogram-logo.webp?v=4 HTTP/1.1" 200 -
::1 - - [12/Aug/2026 21:17:49] code 404, message File not found
::1 - - [12/Aug/2026 21:17:49] "GET /favicon.ico HTTP/1.1" 404 -
::1 - - [12/Aug/2026 21:17:57] code 404, message File not found
::1 - - [12/Aug/2026 21:17:57] "GET /uploads/webp/wilderness-2.webp HTTP/1.1" 404 -
::1 - - [12/Aug/2026 21:18:16] "GET /dubuque-ia.html HTTP/1.1" 200 -
::1 - - [12/Aug/2026 21:18:16] "GET /assets/dubuque-skyline-hero.webp HTTP/1.1" 200 -
::1 - - [12/Aug/2026 21:19:52] "GET /peoria-il.html HTTP/1.1" 200 -
::1 - - [12/Aug/2026 21:19:52] "GET /city-page.css?v=20260812b HTTP/1.1" 200 -
::1 - - [12/Aug/2026 21:19:52] "GET /pc-logo-align.js HTTP/1.1" 304 -
::1 - - [12/Aug/2026 21:20:05] "GET /davenport-ia.html HTTP/1.1" 200 -
::1 - - [12/Aug/2026 21:20:05] "GET /city-page.css?v=20260812b HTTP/1.1" 304 -
::1 - - [12/Aug/2026 21:20:05] "GET /assets/davenport-skyline-hero.webp HTTP/1.1" 200 -
::1 - - [12/Aug/2026 21:20:12] "GET /dubuque-ia.html HTTP/1.1" 200 -
::1 - - [12/Aug/2026 21:20:12] "GET /city-page.css?v=20260812b HTTP/1.1" 304 -
::1 - - [13/Aug/2026 06:38:49] "GET /quiz.html HTTP/1.1" 200 -
::1 - - [13/Aug/2026 06:38:50] "GET /shared-header.css HTTP/1.1" 304 -
::1 - - [13/Aug/2026 06:38:50] "GET /quiz-banks.js HTTP/1.1" 200 -
::1 - - [13/Aug/2026 06:38:50] "GET /quiz-data.js HTTP/1.1" 200 -
::1 - - [13/Aug/2026 06:38:50] "GET /quiz-store.js HTTP/1.1" 200 -
::1 - - [13/Aug/2026 06:38:50] "GET /quiz-engine.js HTTP/1.1" 200 -
::1 - - [13/Aug/2026 06:38:50] "GET /shared-header.html HTTP/1.1" 304 -
::1 - - [13/Aug/2026 06:42:57] "GET /quiz-store.js HTTP/1.1" 304 -
::1 - - [13/Aug/2026 06:53:19] "GET /index.html HTTP/1.1" 200 -
::1 - - [13/Aug/2026 06:53:19] "GET /cookie-consent.js HTTP/1.1" 304 -
::1 - - [13/Aug/2026 06:53:19] "GET /accessibility.js?v=20260729 HTTP/1.1" 304 -
::1 - - [13/Aug/2026 06:53:19] "GET /image-finder-tab.css HTTP/1.1" 304 -
::1 - - [13/Aug/2026 06:53:29] "GET /quiz-store.js HTTP/1.1" 304 -
::1 - - [13/Aug/2026 06:55:38] "GET /CRM%20Ops%20Studio.html HTTP/1.1" 200 -
::1 - - [13/Aug/2026 06:55:39] "GET /crm-data.js HTTP/1.1" 200 -
::1 - - [13/Aug/2026 06:55:39] "GET /leads-store.js?v=20260813 HTTP/1.1" 200 -
::1 - - [13/Aug/2026 06:55:39] "GET /quiz-store.js?v=20260813 HTTP/1.1" 200 -
::1 - - [13/Aug/2026 06:55:39] "GET /intake-questions.js HTTP/1.1" 200 -
::1 - - [13/Aug/2026 06:55:39] "GET /tweaks-panel.jsx HTTP/1.1" 200 -
::1 - - [13/Aug/2026 06:55:39] "GET /crm-ui.jsx HTTP/1.1" 200 -
::1 - - [13/Aug/2026 06:55:39] "GET /crm-screens.jsx HTTP/1.1" 200 -
::1 - - [13/Aug/2026 06:55:39] "GET /crm-leads-screen.jsx HTTP/1.1" 200 -
::1 - - [13/Aug/2026 06:55:39] "GET /crm-screens2.jsx HTTP/1.1" 200 -
::1 - - [13/Aug/2026 06:55:39] "GET /crm-app.jsx HTTP/1.1" 200 -
::1 - - [13/Aug/2026 06:55:39] "GET /assets/toughjobs-monogram-logo.png HTTP/1.1" 200 -
::1 - - [13/Aug/2026 06:57:19] "GET /quiz-leaderboard.html HTTP/1.1" 200 -
::1 - - [13/Aug/2026 06:57:19] "GET /assets/partnership-schematics.webp HTTP/1.1" 200 -
::1 - - [13/Aug/2026 06:58:24] "GET /quiz-store.js?v=20260813 HTTP/1.1" 304 -
::1 - - [13/Aug/2026 06:58:40] "GET /quiz-leaderboard.html?cb=99 HTTP/1.1" 200 -
::1 - - [13/Aug/2026 07:08:54] "GET /intake.html HTTP/1.1" 200 -
::1 - - [13/Aug/2026 07:08:54] "GET /leads-store.js?v=20260813 HTTP/1.1" 304 -
::1 - - [13/Aug/2026 07:08:54] "GET /intake-wizard.js HTTP/1.1" 200 -
::1 - - [13/Aug/2026 07:08:54] "GET /assets/blueprint-master.webp HTTP/1.1" 200 -
::1 - - [13/Aug/2026 07:11:05] "GET /intake.html?cb=1 HTTP/1.1" 200 -
::1 - - [13/Aug/2026 07:11:31] "GET /intake-wizard.js HTTP/1.1" 200 -
::1 - - [13/Aug/2026 07:12:03] "GET /intake.html HTTP/1.1" 200 -
::1 - - [13/Aug/2026 07:12:03] "GET /intake-wizard.js?v=20260813b HTTP/1.1" 200 -
::1 - - [13/Aug/2026 07:12:05] "GET /assets/toughjobs-team-meeting.webp HTTP/1.1" 200 -
::1 - - [13/Aug/2026 07:12:25] "GET /intake.html HTTP/1.1" 304 -
::1 - - [13/Aug/2026 07:12:25] "GET /leads-store.js?v=20260813 HTTP/1.1" 304 -
::1 - - [13/Aug/2026 07:12:25] "GET /intake-wizard.js?v=20260813b HTTP/1.1" 304 -
::1 - - [13/Aug/2026 07:12:27] "GET /assets/toughjobs-team-meeting.webp HTTP/1.1" 304 -
::1 - - [13/Aug/2026 07:30:33] "GET /print-brochures.html?cb=1 HTTP/1.1" 200 -
::1 - - [13/Aug/2026 07:30:33] "GET /service-page.css?v=20260729 HTTP/1.1" 200 -
::1 - - [13/Aug/2026 07:30:33] "GET /Images/Logos/toughjobs-fist-logo-small.webp HTTP/1.1" 304 -
::1 - - [13/Aug/2026 07:30:33] "GET /sticky-cta-back.js HTTP/1.1" 200 -
::1 - - [13/Aug/2026 07:30:34] "GET /service-hero-uniform.css?v=20260730b HTTP/1.1" 304 -
::1 - - [13/Aug/2026 07:30:34] "GET /all-services-section.js HTTP/1.1" 304 -
::1 - - [13/Aug/2026 07:30:34] "GET /image-slot.js HTTP/1.1" 200 -
::1 - - [13/Aug/2026 07:30:34] "GET /.image-slots.state.json HTTP/1.1" 200 -
::1 - - [13/Aug/2026 07:30:34] "GET /shared-footer.html HTTP/1.1" 304 -
::1 - - [13/Aug/2026 07:35:57] "GET /print-stickers-decals.html?cb=2 HTTP/1.1" 200 -
::1 - - [13/Aug/2026 07:58:00] "GET /wraps.html?cb=1 HTTP/1.1" 200 -
::1 - - [13/Aug/2026 07:58:00] "GET /uploads/toughjobs-car-wraps-data.webp HTTP/1.1" 200 -
::1 - - [13/Aug/2026 07:58:00] "GET /assets/wrap-sedan-herbert.webp HTTP/1.1" 200 -
::1 - - [13/Aug/2026 07:58:00] code 404, message File not found
::1 - - [13/Aug/2026 07:58:00] "GET /favicon.ico HTTP/1.1" 404 -
::1 - - [13/Aug/2026 08:00:41] "GET /wraps.html?cb=2 HTTP/1.1" 200 -
::1 - - [13/Aug/2026 08:06:02] "GET /print-collateral.html HTTP/1.1" 200 -
::1 - - [13/Aug/2026 08:06:02] "GET /css/trade-sections.css HTTP/1.1" 304 -
::1 - - [13/Aug/2026 08:06:02] "GET /css/faq-band.css HTTP/1.1" 304 -
::1 - - [13/Aug/2026 08:06:02] "GET /flying-tools.js?v=20260804b HTTP/1.1" 200 -
::1 - - [13/Aug/2026 08:06:02] "GET /assets/print-carousel-portrait/01-toughjobs-brochures-portrait-3x4.webp HTTP/1.1" 200 -
::1 - - [13/Aug/2026 08:06:02] code 404, message File not found
::1 - - [13/Aug/2026 08:06:02] code 404, message File not found
::1 - - [13/Aug/2026 08:06:02] "GET /c08a9813-3106-42fe-a66e-df8d2e0a8565 HTTP/1.1" 404 -
::1 - - [13/Aug/2026 08:06:02] "GET /622697fe-3784-40ef-baa9-6dfd1d31245d HTTP/1.1" 404 -
::1 - - [13/Aug/2026 08:06:02] code 404, message File not found
::1 - - [13/Aug/2026 08:06:02] "GET /uploads/webp/wilderness-8.webp HTTP/1.1" 404 -
::1 - - [13/Aug/2026 08:06:02] "GET /assets/print-carousel-portrait/02-toughjobs-direct-mailers-portrait-3x4.webp HTTP/1.1" 200 -
::1 - - [13/Aug/2026 08:06:02] "GET /assets/print-carousel-portrait/03-toughjobs-door-hangers-portrait-3x4.webp HTTP/1.1" 200 -
::1 - - [13/Aug/2026 08:06:02] "GET /assets/print-carousel-portrait/04-toughjobs-flyers-rack-cards-portrait-3x4.webp HTTP/1.1" 200 -
::1 - - [13/Aug/2026 08:06:02] "GET /assets/print-carousel-portrait/05-toughjobs-business-cards-stationery-portrait-3x4.webp HTTP/1.1" 200 -
::1 - - [13/Aug/2026 08:06:02] "GET /assets/print-carousel-portrait/06-toughjobs-yard-lawn-signs-portrait-3x4.webp HTTP/1.1" 200 -
::1 - - [13/Aug/2026 08:06:02] "GET /assets/print-carousel-square/toughjobs-print-ads-magazine-square-transparent.webp?v=1 HTTP/1.1" 200 -
::1 - - [13/Aug/2026 08:06:03] "GET /assets/print-carousel-portrait/08-toughjobs-banners-signage-portrait-3x4.webp HTTP/1.1" 200 -
::1 - - [13/Aug/2026 08:06:03] "GET /assets/print-carousel-portrait/09-toughjobs-trade-show-booth-portrait-3x4.webp HTTP/1.1" 200 -
::1 - - [13/Aug/2026 08:06:03] "GET /assets/print-carousel-portrait/10-toughjobs-truck-cargo-van-wraps-portrait-3x4.webp HTTP/1.1" 200 -
::1 - - [13/Aug/2026 08:06:03] "GET /assets/print-carousel-portrait/12-toughjobs-stickers-decals-portrait-3x4.webp HTTP/1.1" 200 -
::1 - - [13/Aug/2026 08:06:03] "GET /assets/print-collateral-excavationImg.webp HTTP/1.1" 200 -
::1 - - [13/Aug/2026 08:06:03] "GET /assets/print-carousel-portrait/07-toughjobs-print-ads-portrait-3x4.webp HTTP/1.1" 200 -
::1 - - [13/Aug/2026 08:06:03] "GET /webp/apparel-thumbs__polos.webp HTTP/1.1" 200 -
::1 - - [13/Aug/2026 08:06:03] "GET /uploads/toughjobs-print-carousel-square-all-12/12-toughjobs-stickers-decals-square.webp HTTP/1.1" 200 -
::1 - - [13/Aug/2026 08:06:03] code 404, message File not found
::1 - - [13/Aug/2026 08:06:03] "GET /uploads/webp/wilderness-2.webp HTTP/1.1" 404 -
::1 - - [13/Aug/2026 08:09:12] "GET /print-collateral.html?cb=3 HTTP/1.1" 200 -
::1 - - [13/Aug/2026 08:09:12] code 404, message File not found
::1 - - [13/Aug/2026 08:09:12] "GET /uploads/webp/wilderness-8.webp HTTP/1.1" 404 -
::1 - - [13/Aug/2026 08:09:12] code 404, message File not found
::1 - - [13/Aug/2026 08:09:12] "GET /c08a9813-3106-42fe-a66e-df8d2e0a8565 HTTP/1.1" 404 -
::1 - - [13/Aug/2026 08:09:12] code 404, message File not found
::1 - - [13/Aug/2026 08:09:12] "GET /622697fe-3784-40ef-baa9-6dfd1d31245d HTTP/1.1" 404 -
::1 - - [13/Aug/2026 08:09:12] code 404, message File not found
::1 - - [13/Aug/2026 08:09:12] "GET /uploads/webp/wilderness-2.webp HTTP/1.1" 404 -
::1 - - [13/Aug/2026 08:09:41] "GET /wraps.html HTTP/1.1" 200 -
::1 - - [13/Aug/2026 10:42:47] "GET /print-brochures.html?cb=4 HTTP/1.1" 200 -
::1 - - [13/Aug/2026 10:42:47] "GET /service-page.css?v=20260729 HTTP/1.1" 304 -
::1 - - [13/Aug/2026 10:42:47] "GET /cookie-consent.js HTTP/1.1" 304 -
::1 - - [13/Aug/2026 10:42:47] "GET /accessibility.js?v=20260729 HTTP/1.1" 304 -
::1 - - [13/Aug/2026 10:42:47] "GET /shared-header.html HTTP/1.1" 304 -
::1 - - [13/Aug/2026 10:42:47] "GET /shared-footer.html HTTP/1.1" 304 -
::1 - - [13/Aug/2026 10:42:47] "GET /image-finder-tab.css HTTP/1.1" 304 -
::1 - - [13/Aug/2026 10:42:59] "GET /print-trade-show-booths.html?cb=4 HTTP/1.1" 200 -
::1 - - [13/Aug/2026 10:43:51] "GET /print-direct-mailers.html?cb=5 HTTP/1.1" 200 -
::1 - - [13/Aug/2026 10:44:12] "GET /print-door-hangers.html?cb=5 HTTP/1.1" 200 -
::1 - - [13/Aug/2026 10:44:31] "GET /print-flyers-rack-cards.html?cb=5 HTTP/1.1" 200 -
::1 - - [13/Aug/2026 10:44:44] "GET /print-business-cards.html?cb=5 HTTP/1.1" 200 -
::1 - - [13/Aug/2026 10:44:44] "GET /lite-media.js HTTP/1.1" 200 -
::1 - - [13/Aug/2026 10:44:44] "GET /inject-header.js HTTP/1.1" 200 -
::1 - - [13/Aug/2026 10:44:59] "GET /print-lawn-signs.html?cb=5 HTTP/1.1" 200 -
::1 - - [13/Aug/2026 10:45:14] "GET /print-newspaper-ads.html?cb=5 HTTP/1.1" 200 -
::1 - - [13/Aug/2026 10:45:28] "GET /print-banners.html?cb=5 HTTP/1.1" 200 -
::1 - - [13/Aug/2026 10:45:41] "GET /print-truck-wraps.html?cb=5 HTTP/1.1" 200 -
::1 - - [13/Aug/2026 10:45:53] "GET /print-stickers-decals.html?cb=5 HTTP/1.1" 200 -
::1 - - [13/Aug/2026 10:46:11] "GET /print-collateral.html?cb=6 HTTP/1.1" 200 -
::1 - - [13/Aug/2026 10:46:11] code 404, message File not found
::1 - - [13/Aug/2026 10:46:11] "GET /uploads/webp/wilderness-8.webp HTTP/1.1" 404 -
::1 - - [13/Aug/2026 10:46:11] code 404, message File not found
::1 - - [13/Aug/2026 10:46:11] "GET /c08a9813-3106-42fe-a66e-df8d2e0a8565 HTTP/1.1" 404 -
::1 - - [13/Aug/2026 10:46:11] code 404, message File not found
::1 - - [13/Aug/2026 10:46:11] "GET /622697fe-3784-40ef-baa9-6dfd1d31245d HTTP/1.1" 404 -
::1 - - [13/Aug/2026 10:46:11] code 404, message File not found
::1 - - [13/Aug/2026 10:46:11] "GET /uploads/webp/wilderness-2.webp HTTP/1.1" 404 -
::1 - - [13/Aug/2026 10:49:01] "GET /print-collateral.html?cb=7 HTTP/1.1" 200 -
::1 - - [13/Aug/2026 10:49:01] code 404, message File not found
::1 - - [13/Aug/2026 10:49:01] "GET /uploads/webp/wilderness-8.webp HTTP/1.1" 404 -
::1 - - [13/Aug/2026 10:49:01] code 404, message File not found
::1 - - [13/Aug/2026 10:49:01] "GET /c08a9813-3106-42fe-a66e-df8d2e0a8565 HTTP/1.1" 404 -
::1 - - [13/Aug/2026 10:49:01] code 404, message File not found
::1 - - [13/Aug/2026 10:49:01] "GET /622697fe-3784-40ef-baa9-6dfd1d31245d HTTP/1.1" 404 -
::1 - - [13/Aug/2026 10:49:01] code 404, message File not found
::1 - - [13/Aug/2026 10:49:01] "GET /uploads/webp/wilderness-2.webp HTTP/1.1" 404 -
::1 - - [13/Aug/2026 10:49:46] "GET /print-collateral.html?cb=8 HTTP/1.1" 200 -
::1 - - [13/Aug/2026 10:49:46] code 404, message File not found
::1 - - [13/Aug/2026 10:49:46] "GET /c08a9813-3106-42fe-a66e-df8d2e0a8565 HTTP/1.1" 404 -
::1 - - [13/Aug/2026 10:49:46] code 404, message File not found
::1 - - [13/Aug/2026 10:49:46] "GET /uploads/webp/wilderness-8.webp HTTP/1.1" 404 -
::1 - - [13/Aug/2026 10:49:46] code 404, message File not found
::1 - - [13/Aug/2026 10:49:46] "GET /622697fe-3784-40ef-baa9-6dfd1d31245d HTTP/1.1" 404 -
::1 - - [13/Aug/2026 10:49:46] code 404, message File not found
::1 - - [13/Aug/2026 10:49:46] "GET /uploads/webp/wilderness-2.webp HTTP/1.1" 404 -
::1 - - [13/Aug/2026 10:50:06] "GET /print-collateral.html?cb=9 HTTP/1.1" 200 -
::1 - - [13/Aug/2026 10:50:06] code 404, message File not found
::1 - - [13/Aug/2026 10:50:06] "GET /uploads/webp/wilderness-8.webp HTTP/1.1" 404 -
::1 - - [13/Aug/2026 10:50:06] code 404, message File not found
::1 - - [13/Aug/2026 10:50:06] "GET /c08a9813-3106-42fe-a66e-df8d2e0a8565 HTTP/1.1" 404 -
::1 - - [13/Aug/2026 10:50:06] code 404, message File not found
::1 - - [13/Aug/2026 10:50:06] "GET /622697fe-3784-40ef-baa9-6dfd1d31245d HTTP/1.1" 404 -
::1 - - [13/Aug/2026 10:51:21] "GET /print-collateral.html?cb=10 HTTP/1.1" 200 -
::1 - - [13/Aug/2026 10:51:21] code 404, message File not found
::1 - - [13/Aug/2026 10:51:21] "GET /uploads/webp/wilderness-8.webp HTTP/1.1" 404 -
::1 - - [13/Aug/2026 10:51:21] code 404, message File not found
::1 - - [13/Aug/2026 10:51:21] "GET /c08a9813-3106-42fe-a66e-df8d2e0a8565 HTTP/1.1" 404 -
::1 - - [13/Aug/2026 10:51:21] code 404, message File not found
::1 - - [13/Aug/2026 10:51:21] "GET /622697fe-3784-40ef-baa9-6dfd1d31245d HTTP/1.1" 404 -
::1 - - [13/Aug/2026 10:51:21] code 404, message File not found
::1 - - [13/Aug/2026 10:51:21] "GET /uploads/webp/wilderness-2.webp HTTP/1.1" 404 -
::1 - - [13/Aug/2026 10:54:01] "GET /print-collateral.html?cb=11 HTTP/1.1" 200 -
::1 - - [13/Aug/2026 10:54:02] code 404, message File not found
::1 - - [13/Aug/2026 10:54:02] "GET /uploads/webp/wilderness-8.webp HTTP/1.1" 404 -
::1 - - [13/Aug/2026 10:54:02] code 404, message File not found
::1 - - [13/Aug/2026 10:54:02] "GET /c08a9813-3106-42fe-a66e-df8d2e0a8565 HTTP/1.1" 404 -
::1 - - [13/Aug/2026 10:54:02] code 404, message File not found
::1 - - [13/Aug/2026 10:54:02] "GET /622697fe-3784-40ef-baa9-6dfd1d31245d HTTP/1.1" 404 -
::1 - - [13/Aug/2026 10:54:02] code 404, message File not found
::1 - - [13/Aug/2026 10:54:02] "GET /uploads/webp/wilderness-2.webp HTTP/1.1" 404 -
::1 - - [13/Aug/2026 10:55:07] "GET /print-collateral.html?nostore=1786636507645 HTTP/1.1" 200 -
::1 - - [13/Aug/2026 10:55:16] "GET /print-collateral.html?nostore=1786636516552 HTTP/1.1" 200 -
::1 - - [13/Aug/2026 10:57:39] "GET /print-collateral.html?cb=12 HTTP/1.1" 200 -
::1 - - [13/Aug/2026 10:57:39] code 404, message File not found
::1 - - [13/Aug/2026 10:57:39] "GET /uploads/webp/wilderness-8.webp HTTP/1.1" 404 -
::1 - - [13/Aug/2026 10:57:39] code 404, message File not found
::1 - - [13/Aug/2026 10:57:39] "GET /c08a9813-3106-42fe-a66e-df8d2e0a8565 HTTP/1.1" 404 -
::1 - - [13/Aug/2026 10:57:39] code 404, message File not found
::1 - - [13/Aug/2026 10:57:39] "GET /622697fe-3784-40ef-baa9-6dfd1d31245d HTTP/1.1" 404 -
::1 - - [13/Aug/2026 10:57:39] code 404, message File not found
::1 - - [13/Aug/2026 10:57:39] "GET /uploads/webp/wilderness-2.webp HTTP/1.1" 404 -
::1 - - [13/Aug/2026 10:58:25] "GET /print-collateral.html?cb=13 HTTP/1.1" 200 -
::1 - - [13/Aug/2026 10:58:25] code 404, message File not found
::1 - - [13/Aug/2026 10:58:25] "GET /uploads/webp/wilderness-8.webp HTTP/1.1" 404 -
::1 - - [13/Aug/2026 10:58:25] code 404, message File not found
::1 - - [13/Aug/2026 10:58:25] "GET /c08a9813-3106-42fe-a66e-df8d2e0a8565 HTTP/1.1" 404 -
::1 - - [13/Aug/2026 10:58:25] code 404, message File not found
::1 - - [13/Aug/2026 10:58:25] "GET /622697fe-3784-40ef-baa9-6dfd1d31245d HTTP/1.1" 404 -
::1 - - [13/Aug/2026 10:58:25] code 404, message File not found
::1 - - [13/Aug/2026 10:58:25] "GET /uploads/webp/wilderness-2.webp HTTP/1.1" 404 -
::1 - - [13/Aug/2026 10:58:47] "GET /print-collateral.html?cb=14 HTTP/1.1" 200 -
::1 - - [13/Aug/2026 10:58:47] code 404, message File not found
::1 - - [13/Aug/2026 10:58:47] code 404, message File not found
::1 - - [13/Aug/2026 10:58:47] "GET /uploads/webp/wilderness-8.webp HTTP/1.1" 404 -
::1 - - [13/Aug/2026 10:58:47] "GET /c08a9813-3106-42fe-a66e-df8d2e0a8565 HTTP/1.1" 404 -
::1 - - [13/Aug/2026 10:58:47] code 404, message File not found
::1 - - [13/Aug/2026 10:58:47] "GET /622697fe-3784-40ef-baa9-6dfd1d31245d HTTP/1.1" 404 -
::1 - - [13/Aug/2026 10:58:48] code 404, message File not found
::1 - - [13/Aug/2026 10:58:48] "GET /uploads/webp/wilderness-2.webp HTTP/1.1" 404 -
::1 - - [13/Aug/2026 11:20:40] "GET /print-flyers-rack-cards.html HTTP/1.1" 200 -
::1 - - [13/Aug/2026 11:20:40] code 404, message File not found
::1 - - [13/Aug/2026 11:20:40] "GET /favicon.ico HTTP/1.1" 404 -
::1 - - [13/Aug/2026 11:27:01] "GET /print-brochures.html?cb=15 HTTP/1.1" 200 -
::1 - - [13/Aug/2026 11:27:28] "GET /print-brochures.html?cb=16 HTTP/1.1" 200 -
::1 - - [13/Aug/2026 11:28:45] "GET /print-brochures.html?cb=17 HTTP/1.1" 200 -
::1 - - [13/Aug/2026 11:30:20] "GET /print-stickers-decals.html?cb=1 HTTP/1.1" 200 -
::1 - - [13/Aug/2026 11:30:40] "GET /print-direct-mailers.html?cb=1 HTTP/1.1" 200 -
::1 - - [13/Aug/2026 11:30:55] "GET /print-door-hangers.html?cb=1 HTTP/1.1" 200 -
::1 - - [13/Aug/2026 11:31:08] "GET /print-flyers-rack-cards.html?cb=1 HTTP/1.1" 200 -
::1 - - [13/Aug/2026 11:31:22] "GET /print-business-cards.html?cb=1 HTTP/1.1" 200 -
::1 - - [13/Aug/2026 11:31:22] "GET /lite-media.js HTTP/1.1" 200 -
::1 - - [13/Aug/2026 11:31:22] "GET /inject-header.js HTTP/1.1" 200 -
::1 - - [13/Aug/2026 11:31:34] "GET /print-lawn-signs.html?cb=1 HTTP/1.1" 200 -
::1 - - [13/Aug/2026 11:31:50] "GET /print-newspaper-ads.html?cb=1 HTTP/1.1" 200 -
::1 - - [13/Aug/2026 11:32:07] "GET /print-banners.html?cb=1 HTTP/1.1" 200 -
::1 - - [13/Aug/2026 11:32:22] "GET /print-trade-show-booths.html?cb=1 HTTP/1.1" 200 -
::1 - - [13/Aug/2026 11:32:40] "GET /print-truck-wraps.html?cb=1 HTTP/1.1" 200 -
::1 - - [13/Aug/2026 11:39:21] "GET /print-flyers-rack-cards.html?cb=2 HTTP/1.1" 200 -
::1 - - [13/Aug/2026 11:39:21] code 404, message File not found
::1 - - [13/Aug/2026 11:39:21] "GET /favicon.ico HTTP/1.1" 404 -
::1 - - [13/Aug/2026 11:41:40] "GET /print-flyers-rack-cards.html?fresh=1 HTTP/1.1" 200 -
::1 - - [13/Aug/2026 11:46:19] "GET /print-collateral.html?cb=verify1 HTTP/1.1" 200 -
::1 - - [13/Aug/2026 11:46:19] code 404, message File not found
::1 - - [13/Aug/2026 11:46:19] "GET /uploads/webp/wilderness-8.webp HTTP/1.1" 404 -
::1 - - [13/Aug/2026 11:46:19] code 404, message File not found
::1 - - [13/Aug/2026 11:46:19] "GET /c08a9813-3106-42fe-a66e-df8d2e0a8565 HTTP/1.1" 404 -
::1 - - [13/Aug/2026 11:46:19] code 404, message File not found
::1 - - [13/Aug/2026 11:46:19] "GET /622697fe-3784-40ef-baa9-6dfd1d31245d HTTP/1.1" 404 -
::1 - - [13/Aug/2026 11:46:20] code 404, message File not found
::1 - - [13/Aug/2026 11:46:20] "GET /uploads/webp/wilderness-2.webp HTTP/1.1" 404 -
::1 - - [13/Aug/2026 11:50:50] "GET /print-collateral.html?cb=verify2 HTTP/1.1" 200 -
::1 - - [13/Aug/2026 11:50:50] "GET /css/service-longform.css HTTP/1.1" 304 -
::1 - - [13/Aug/2026 11:50:50] "GET /inject-footer.js HTTP/1.1" 304 -
::1 - - [13/Aug/2026 11:50:50] "GET /service-page.js?v=20260729 HTTP/1.1" 304 -
::1 - - [13/Aug/2026 11:50:50] "GET /inject-header.js?v=20260802b HTTP/1.1" 304 -
::1 - - [13/Aug/2026 11:50:50] "GET /sticky-cta.js HTTP/1.1" 304 -
::1 - - [13/Aug/2026 11:50:50] "GET /chat-launcher.js?v=20260729 HTTP/1.1" 304 -
::1 - - [13/Aug/2026 11:50:50] "GET /image-finder-tab.js HTTP/1.1" 304 -
::1 - - [13/Aug/2026 11:50:50] "GET /assets/wrap-trailer-guacnroll.webp HTTP/1.1" 304 -
::1 - - [13/Aug/2026 11:50:50] "GET /assets/toughjobs-monogram-logo.webp?v=4 HTTP/1.1" 304 -
::1 - - [13/Aug/2026 11:50:50] code 404, message File not found
::1 - - [13/Aug/2026 11:50:50] "GET /c08a9813-3106-42fe-a66e-df8d2e0a8565 HTTP/1.1" 404 -
::1 - - [13/Aug/2026 11:50:50] code 404, message File not found
::1 - - [13/Aug/2026 11:50:50] "GET /622697fe-3784-40ef-baa9-6dfd1d31245d HTTP/1.1" 404 -
::1 - - [13/Aug/2026 11:50:50] "GET /assets/blueprint-bg-darker.webp HTTP/1.1" 304 -
::1 - - [13/Aug/2026 11:50:50] code 404, message File not found
::1 - - [13/Aug/2026 11:50:50] "GET /uploads/webp/wilderness-8.webp HTTP/1.1" 404 -
::1 - - [13/Aug/2026 11:50:50] "GET /assets/white-engineering-background.webp HTTP/1.1" 304 -
::1 - - [13/Aug/2026 11:50:50] "GET /assets/floating-tools/hammer.webp HTTP/1.1" 304 -
::1 - - [13/Aug/2026 11:50:50] "GET /assets/floating-tools/screwdriver.webp HTTP/1.1" 304 -
::1 - - [13/Aug/2026 11:50:50] "GET /assets/accessibility-logo.webp HTTP/1.1" 304 -
::1 - - [13/Aug/2026 11:50:50] "GET /assets/floating-tools/tape-measure.webp HTTP/1.1" 304 -
::1 - - [13/Aug/2026 11:50:50] code 404, message File not found
::1 - - [13/Aug/2026 11:50:50] "GET /uploads/webp/wilderness-2.webp HTTP/1.1" 404 -
::1 - - [13/Aug/2026 11:50:50] "GET /assets/blueprint-background.webp HTTP/1.1" 304 -
::1 - - [13/Aug/2026 11:50:50] "GET /assets/floating-tools/chainsaw.webp HTTP/1.1" 304 -
::1 - - [13/Aug/2026 11:50:50] "GET /assets/floating-tools/trowel.webp HTTP/1.1" 304 -
::1 - - [13/Aug/2026 11:51:06] "GET /service-hero-uniform.css?bust=1786639866387 HTTP/1.1" 200 -
::1 - - [13/Aug/2026 11:52:04] "GET /print-collateral.html HTTP/1.1" 200 -
::1 - - [13/Aug/2026 11:52:04] code 404, message File not found
::1 - - [13/Aug/2026 11:52:04] "GET /uploads/webp/wilderness-8.webp HTTP/1.1" 404 -
::1 - - [13/Aug/2026 11:52:04] code 404, message File not found
::1 - - [13/Aug/2026 11:52:04] "GET /c08a9813-3106-42fe-a66e-df8d2e0a8565 HTTP/1.1" 404 -
::1 - - [13/Aug/2026 11:52:04] code 404, message File not found
::1 - - [13/Aug/2026 11:52:04] "GET /622697fe-3784-40ef-baa9-6dfd1d31245d HTTP/1.1" 404 -
::1 - - [13/Aug/2026 11:52:04] code 404, message File not found
::1 - - [13/Aug/2026 11:52:04] "GET /uploads/webp/wilderness-2.webp HTTP/1.1" 404 -
::1 - - [13/Aug/2026 11:53:31] "GET /print-collateral.html?verify3=1 HTTP/1.1" 200 -
::1 - - [13/Aug/2026 11:53:31] "GET /inject-header.js?v=20260813 HTTP/1.1" 200 -
::1 - - [13/Aug/2026 11:53:31] "GET /service-hero-uniform.css?v=20260813 HTTP/1.1" 200 -
::1 - - [13/Aug/2026 11:53:31] code 404, message File not found
::1 - - [13/Aug/2026 11:53:31] "GET /uploads/webp/wilderness-8.webp HTTP/1.1" 404 -
::1 - - [13/Aug/2026 11:53:31] code 404, message File not found
::1 - - [13/Aug/2026 11:53:31] "GET /c08a9813-3106-42fe-a66e-df8d2e0a8565 HTTP/1.1" 404 -
::1 - - [13/Aug/2026 11:53:31] code 404, message File not found
::1 - - [13/Aug/2026 11:53:31] "GET /622697fe-3784-40ef-baa9-6dfd1d31245d HTTP/1.1" 404 -
::1 - - [13/Aug/2026 11:58:32] "GET /print-collateral.html HTTP/1.1" 200 -
::1 - - [13/Aug/2026 11:58:32] "GET /inject-header.js?v=20260813b HTTP/1.1" 200 -
::1 - - [13/Aug/2026 11:58:32] "GET /service-hero-uniform.css?v=20260813b HTTP/1.1" 200 -
::1 - - [13/Aug/2026 11:58:33] code 404, message File not found
::1 - - [13/Aug/2026 11:58:33] "GET /uploads/webp/wilderness-8.webp HTTP/1.1" 404 -
::1 - - [13/Aug/2026 11:58:33] code 404, message File not found
::1 - - [13/Aug/2026 11:58:33] "GET /c08a9813-3106-42fe-a66e-df8d2e0a8565 HTTP/1.1" 404 -
::1 - - [13/Aug/2026 11:58:33] code 404, message File not found
::1 - - [13/Aug/2026 11:58:33] "GET /622697fe-3784-40ef-baa9-6dfd1d31245d HTTP/1.1" 404 -
::1 - - [13/Aug/2026 11:58:33] code 404, message File not found
::1 - - [13/Aug/2026 11:58:33] "GET /uploads/webp/wilderness-2.webp HTTP/1.1" 404 -
::1 - - [13/Aug/2026 11:59:04] "GET /seo.html HTTP/1.1" 200 -
::1 - - [13/Aug/2026 11:59:04] "GET /service-page.css?v=20260804b HTTP/1.1" 304 -
::1 - - [13/Aug/2026 11:59:04] "GET /assets/seo-hero.webp HTTP/1.1" 200 -
::1 - - [13/Aug/2026 11:59:04] "GET /trade-data.js HTTP/1.1" 304 -
::1 - - [13/Aug/2026 11:59:04] "GET /flying-tools.js HTTP/1.1" 304 -
::1 - - [13/Aug/2026 11:59:04] "GET /inject-header.js?v=20260813b HTTP/1.1" 304 -
::1 - - [13/Aug/2026 11:59:04] "GET /service-hero-uniform.css?v=20260813b HTTP/1.1" 304 -
::1 - - [13/Aug/2026 11:59:04] code 404, message File not found
::1 - - [13/Aug/2026 11:59:04] "GET /uploads/webp/wilderness-1.webp HTTP/1.1" 404 -
::1 - - [13/Aug/2026 11:59:22] "GET /branding.html HTTP/1.1" 200 -
::1 - - [13/Aug/2026 11:59:22] "GET /assets/macho-branding.webp HTTP/1.1" 200 -
::1 - - [13/Aug/2026 11:59:22] "GET /inject-header.js?v=20260813b HTTP/1.1" 304 -
::1 - - [13/Aug/2026 11:59:22] "GET /service-hero-uniform.css?v=20260813b HTTP/1.1" 304 -
::1 - - [13/Aug/2026 11:59:41] "GET /print-brochures.html HTTP/1.1" 200 -
::1 - - [13/Aug/2026 11:59:41] "GET /inject-header.js?v=20260813b HTTP/1.1" 304 -
::1 - - [13/Aug/2026 11:59:41] "GET /service-hero-uniform.css?v=20260813b HTTP/1.1" 304 -
::1 - - [13/Aug/2026 18:18:57] "GET /index.html HTTP/1.1" 200 -
::1 - - [13/Aug/2026 20:33:23] "GET /index.html HTTP/1.1" 200 -
::1 - - [13/Aug/2026 20:33:23] "GET /shared-header.css HTTP/1.1" 200 -
::1 - - [13/Aug/2026 20:33:23] "GET /assets/powerline-electrician.webp HTTP/1.1" 200 -
::1 - - [13/Aug/2026 20:33:23] "GET /sticky-cta.js HTTP/1.1" 200 -
::1 - - [13/Aug/2026 20:33:23] "GET /cookie-consent.js HTTP/1.1" 200 -
::1 - - [13/Aug/2026 20:33:23] "GET /chat-launcher.js?v=20260729 HTTP/1.1" 200 -
::1 - - [13/Aug/2026 20:33:23] "GET /inject-header.js?v=20260813b HTTP/1.1" 200 -
::1 - - [13/Aug/2026 20:33:23] "GET /image-finder-tab.js HTTP/1.1" 200 -
::1 - - [13/Aug/2026 20:33:23] "GET /quiz-peek.js HTTP/1.1" 200 -
::1 - - [13/Aug/2026 20:33:23] "GET /deferred-media.js HTTP/1.1" 200 -
::1 - - [13/Aug/2026 20:33:23] "GET /accessibility.js?v=20260729 HTTP/1.1" 200 -
::1 - - [13/Aug/2026 20:33:23] "GET /assets/white-engineering-background.webp HTTP/1.1" 200 -
::1 - - [13/Aug/2026 20:33:23] "GET /assets/blueprint-background.webp HTTP/1.1" 200 -
::1 - - [13/Aug/2026 20:33:23] "GET /assets/engineering-schematics.jpg HTTP/1.1" 200 -
::1 - - [13/Aug/2026 20:33:24] "GET /assets/speed-gauge.webp HTTP/1.1" 200 -
::1 - - [13/Aug/2026 20:33:24] "GET /shared-header.html HTTP/1.1" 200 -
::1 - - [13/Aug/2026 20:33:24] "GET /image-finder-tab.css HTTP/1.1" 200 -
::1 - - [13/Aug/2026 20:33:24] "GET /uploads/bubble-text.webp HTTP/1.1" 200 -
::1 - - [13/Aug/2026 20:33:24] "GET /uploads/plumbing.webp HTTP/1.1" 200 -
::1 - - [13/Aug/2026 20:33:24] "GET /assets/google-search-plummers.webp HTTP/1.1" 200 -
::1 - - [13/Aug/2026 20:33:24] "GET /assets/messy-tech.webp HTTP/1.1" 200 -
::1 - - [13/Aug/2026 20:33:24] "GET /assets/electrician-hero.webp HTTP/1.1" 200 -
::1 - - [13/Aug/2026 20:33:24] "GET /assets/accessibility-logo.webp HTTP/1.1" 200 -
::1 - - [13/Aug/2026 20:33:24] "GET /assets/toughjobs-monogram-logo.webp?v=4 HTTP/1.1" 200 -
::1 - - [13/Aug/2026 20:33:24] code 404, message File not found
::1 - - [13/Aug/2026 20:33:24] "GET /favicon.ico HTTP/1.1" 404 -
::1 - - [13/Aug/2026 20:33:28] "GET /assets/girl-saw.webp HTTP/1.1" 200 -
::1 - - [13/Aug/2026 20:33:46] "GET /free-tools.html HTTP/1.1" 200 -
::1 - - [13/Aug/2026 20:33:46] "GET /service-page.css?v=20260729 HTTP/1.1" 200 -
::1 - - [13/Aug/2026 20:33:46] "GET /trade-data.js HTTP/1.1" 200 -
::1 - - [13/Aug/2026 20:33:46] "GET /assets/primer-page-carpet-cleaning-1.webp HTTP/1.1" 200 -
::1 - - [13/Aug/2026 20:33:46] "GET /service-page.js?v=20260729 HTTP/1.1" 200 -
::1 - - [13/Aug/2026 20:33:46] "GET /flying-tools.js HTTP/1.1" 200 -
::1 - - [13/Aug/2026 20:33:46] "GET /leads-store.js?v=20260813 HTTP/1.1" 200 -
::1 - - [13/Aug/2026 20:33:46] "GET /email-gate.js HTTP/1.1" 200 -
::1 - - [13/Aug/2026 20:33:46] "GET /service-hero-uniform.css?v=20260813b HTTP/1.1" 200 -
::1 - - [13/Aug/2026 20:33:46] "GET /inject-footer.js HTTP/1.1" 200 -
::1 - - [13/Aug/2026 20:33:46] "GET /assets/blueprint-bg-darker.webp HTTP/1.1" 200 -
::1 - - [13/Aug/2026 20:33:46] "GET /shared-footer.html HTTP/1.1" 200 -
::1 - - [13/Aug/2026 20:33:46] "GET /assets/forest-background-green.webp HTTP/1.1" 200 -
::1 - - [13/Aug/2026 20:33:47] "GET /assets/woman-drill.webp HTTP/1.1" 200 -
::1 - - [13/Aug/2026 20:33:53] "GET /index.html HTTP/1.1" 200 -
::1 - - [13/Aug/2026 20:33:55] "GET /assets/erik-electrical-toughjobs.webp HTTP/1.1" 200 -
::1 - - [13/Aug/2026 20:34:37] "GET /peoria-il.html HTTP/1.1" 200 -
::1 - - [13/Aug/2026 20:34:37] "GET /city-page.css?v=20260812b HTTP/1.1" 200 -
::1 - - [13/Aug/2026 20:34:37] "GET /back-cta.js HTTP/1.1" 200 -
::1 - - [13/Aug/2026 20:34:37] "GET /pc-logo-align.js HTTP/1.1" 200 -
::1 - - [13/Aug/2026 20:34:37] "GET /assets/toughjobs-monogram-logo.webp HTTP/1.1" 200 -
::1 - - [13/Aug/2026 20:34:37] "GET /Images/Logos/toughjobs-fist-logo-small.webp HTTP/1.1" 200 -
::1 - - [13/Aug/2026 20:34:37] "GET /assets/peoria-skyline-hero.webp HTTP/1.1" 200 -
::1 - - [13/Aug/2026 20:36:00] "GET /assets/trade-hero-excavation.webp HTTP/1.1" 200 -
::1 - - [13/Aug/2026 20:36:57] "GET /about.html HTTP/1.1" 200 -
::1 - - [13/Aug/2026 20:36:57] "GET /assets/woman-drill-philosophy.webp HTTP/1.1" 200 -
::1 - - [13/Aug/2026 20:36:57] "GET /assets/home-services-pop-art-2.webp HTTP/1.1" 200 -
::1 - - [13/Aug/2026 20:37:09] "GET /branding.html HTTP/1.1" 200 -
::1 - - [13/Aug/2026 20:37:09] "GET /service-page.css?v=20260804b HTTP/1.1" 200 -
::1 - - [13/Aug/2026 20:37:09] "GET /css/service-longform.css HTTP/1.1" 200 -
::1 - - [13/Aug/2026 20:37:09] "GET /css/trade-sections.css HTTP/1.1" 200 -
::1 - - [13/Aug/2026 20:37:09] "GET /css/faq-band.css HTTP/1.1" 200 -
::1 - - [13/Aug/2026 20:37:09] "GET /assets/macho-branding.webp HTTP/1.1" 200 -
::1 - - [13/Aug/2026 20:37:09] "GET /all-services-section.js HTTP/1.1" 200 -
::1 - - [13/Aug/2026 20:37:09] code 404, message File not found
::1 - - [13/Aug/2026 20:37:09] "GET /uploads/webp/wilderness-2.webp HTTP/1.1" 404 -
::1 - - [13/Aug/2026 20:37:09] "GET /assets/floating-tools/trowel.webp HTTP/1.1" 200 -
::1 - - [13/Aug/2026 20:37:09] "GET /assets/floating-tools/screwdriver.webp HTTP/1.1" 200 -
::1 - - [13/Aug/2026 20:37:09] "GET /assets/floating-tools/hammer.webp HTTP/1.1" 200 -
::1 - - [13/Aug/2026 20:37:09] "GET /assets/floating-tools/chainsaw.webp HTTP/1.1" 200 -
::1 - - [13/Aug/2026 20:37:09] "GET /assets/floating-tools/tape-measure.webp HTTP/1.1" 200 -
::1 - - [13/Aug/2026 20:37:10] "GET /assets/wrap-truck-erik.webp HTTP/1.1" 200 -
::1 - - [13/Aug/2026 20:37:10] "GET /assets/wrap-trailer-guacnroll.webp HTTP/1.1" 200 -
::1 - - [13/Aug/2026 20:37:11] "GET /uploads/company-jackets-working.webp HTTP/1.1" 200 -
::1 - - [13/Aug/2026 20:37:11] "GET /print-images/seasonal-campaigns.webp HTTP/1.1" 200 -
::1 - - [13/Aug/2026 20:37:17] "GET /print-collateral.html HTTP/1.1" 200 -
::1 - - [13/Aug/2026 20:37:17] "GET /flying-tools.js?v=20260804b HTTP/1.1" 200 -
::1 - - [13/Aug/2026 20:37:17] "GET /assets/print-carousel-portrait/02-toughjobs-direct-mailers-portrait-3x4.webp HTTP/1.1" 200 -
::1 - - [13/Aug/2026 20:37:17] "GET /assets/print-carousel-portrait/01-toughjobs-brochures-portrait-3x4.webp HTTP/1.1" 200 -
::1 - - [13/Aug/2026 20:37:17] "GET /assets/print-carousel-portrait/03-toughjobs-door-hangers-portrait-3x4.webp HTTP/1.1" 200 -
::1 - - [13/Aug/2026 20:37:17] "GET /assets/print-carousel-portrait/04-toughjobs-flyers-rack-cards-portrait-3x4.webp HTTP/1.1" 200 -
::1 - - [13/Aug/2026 20:37:17] "GET /assets/print-carousel-portrait/05-toughjobs-business-cards-stationery-portrait-3x4.webp HTTP/1.1" 200 -
::1 - - [13/Aug/2026 20:37:17] "GET /assets/print-carousel-portrait/06-toughjobs-yard-lawn-signs-portrait-3x4.webp HTTP/1.1" 200 -
::1 - - [13/Aug/2026 20:37:17] "GET /assets/print-carousel-square/toughjobs-print-ads-magazine-square-transparent.webp?v=1 HTTP/1.1" 200 -
::1 - - [13/Aug/2026 20:37:17] "GET /assets/print-carousel-portrait/08-toughjobs-banners-signage-portrait-3x4.webp HTTP/1.1" 200 -
::1 - - [13/Aug/2026 20:37:17] "GET /assets/print-carousel-portrait/09-toughjobs-trade-show-booth-portrait-3x4.webp HTTP/1.1" 200 -
::1 - - [13/Aug/2026 20:37:17] "GET /assets/print-carousel-portrait/10-toughjobs-truck-cargo-van-wraps-portrait-3x4.webp HTTP/1.1" 200 -
::1 - - [13/Aug/2026 20:37:17] "GET /assets/print-carousel-portrait/12-toughjobs-stickers-decals-portrait-3x4.webp HTTP/1.1" 200 -
::1 - - [13/Aug/2026 20:37:17] "GET /assets/print-collateral-excavationImg.webp HTTP/1.1" 200 -
::1 - - [13/Aug/2026 20:37:17] "GET /assets/print-carousel-portrait/07-toughjobs-print-ads-portrait-3x4.webp HTTP/1.1" 200 -
::1 - - [13/Aug/2026 20:37:17] "GET /webp/apparel-thumbs__polos.webp HTTP/1.1" 200 -
::1 - - [13/Aug/2026 20:37:17] "GET /uploads/toughjobs-print-carousel-square-all-12/12-toughjobs-stickers-decals-square.webp HTTP/1.1" 200 -
::1 - - [13/Aug/2026 20:37:17] code 404, message File not found
::1 - - [13/Aug/2026 20:37:17] "GET /uploads/webp/wilderness-8.webp HTTP/1.1" 404 -
::1 - - [13/Aug/2026 20:37:17] code 404, message File not found
::1 - - [13/Aug/2026 20:37:17] "GET /c08a9813-3106-42fe-a66e-df8d2e0a8565 HTTP/1.1" 404 -
::1 - - [13/Aug/2026 20:37:17] code 404, message File not found
::1 - - [13/Aug/2026 20:37:17] "GET /622697fe-3784-40ef-baa9-6dfd1d31245d HTTP/1.1" 404 -
::1 - - [13/Aug/2026 20:38:51] "GET /print-direct-mailers.html HTTP/1.1" 200 -
::1 - - [13/Aug/2026 20:38:51] "GET /sticky-cta-back.js HTTP/1.1" 200 -
::1 - - [13/Aug/2026 20:38:51] "GET /image-slot.js HTTP/1.1" 200 -
::1 - - [13/Aug/2026 20:38:51] "GET /.image-slots.state.json HTTP/1.1" 200 -
::1 - - [13/Aug/2026 20:39:03] "GET /assets/toughjobs-monogram-logo.png HTTP/1.1" 200 -
::1 - - [13/Aug/2026 20:39:03] "GET /assets/construction-workers.mp4 HTTP/1.1" 200 -
::1 - - [13/Aug/2026 20:39:18] "GET /assets/services-logoLight.webp HTTP/1.1" 200 -
::1 - - [13/Aug/2026 20:39:18] "GET /assets/audio-visualizer.mp4 HTTP/1.1" 200 -
::1 - - [13/Aug/2026 20:41:05] code 404, message File not found
::1 - - [13/Aug/2026 20:41:05] "GET /uploads/webp/wilderness-8.webp HTTP/1.1" 404 -
::1 - - [13/Aug/2026 20:41:05] code 404, message File not found
::1 - - [13/Aug/2026 20:41:05] "GET /c08a9813-3106-42fe-a66e-df8d2e0a8565 HTTP/1.1" 404 -
::1 - - [13/Aug/2026 20:41:05] code 404, message File not found
::1 - - [13/Aug/2026 20:41:05] "GET /622697fe-3784-40ef-baa9-6dfd1d31245d HTTP/1.1" 404 -
::1 - - [13/Aug/2026 20:42:06] code 404, message File not found
::1 - - [13/Aug/2026 20:42:06] "GET /uploads/webp/wilderness-8.webp HTTP/1.1" 404 -
::1 - - [13/Aug/2026 20:42:06] code 404, message File not found
::1 - - [13/Aug/2026 20:42:06] "GET /c08a9813-3106-42fe-a66e-df8d2e0a8565 HTTP/1.1" 404 -
::1 - - [13/Aug/2026 20:42:06] code 404, message File not found
::1 - - [13/Aug/2026 20:42:06] "GET /622697fe-3784-40ef-baa9-6dfd1d31245d HTTP/1.1" 404 -
::1 - - [13/Aug/2026 20:42:29] "GET /service-areas.html HTTP/1.1" 200 -
::1 - - [13/Aug/2026 20:42:29] "GET /city-page.css HTTP/1.1" 200 -
::1 - - [13/Aug/2026 20:42:29] "GET /assets/woman-mower.webp HTTP/1.1" 200 -
::1 - - [13/Aug/2026 20:42:33] "GET /clothing-apparel.html HTTP/1.1" 200 -
::1 - - [13/Aug/2026 20:42:34] "GET /uploads/polos-couple.webp HTTP/1.1" 200 -
::1 - - [13/Aug/2026 20:42:34] "GET /apparel-products.js HTTP/1.1" 200 -
::1 - - [13/Aug/2026 20:42:34] code 404, message File not found
::1 - - [13/Aug/2026 20:42:34] "GET /uploads/webp/wilderness-9.webp HTTP/1.1" 404 -
::1 - - [13/Aug/2026 20:43:28] "GET /davenport-ia.html HTTP/1.1" 200 -
::1 - - [13/Aug/2026 20:43:28] "GET /assets/davenport-skyline-hero.webp HTTP/1.1" 200 -
::1 - - [13/Aug/2026 20:44:01] code 404, message File not found
::1 - - [13/Aug/2026 20:44:01] "GET /uploads/webp/wilderness-8.webp HTTP/1.1" 404 -
::1 - - [13/Aug/2026 20:44:01] code 404, message File not found
::1 - - [13/Aug/2026 20:44:01] "GET /c08a9813-3106-42fe-a66e-df8d2e0a8565 HTTP/1.1" 404 -
::1 - - [13/Aug/2026 20:44:01] code 404, message File not found
::1 - - [13/Aug/2026 20:44:01] "GET /622697fe-3784-40ef-baa9-6dfd1d31245d HTTP/1.1" 404 -
::1 - - [13/Aug/2026 20:45:33] "GET /peoria-il.html HTTP/1.1" 200 -
::1 - - [13/Aug/2026 20:45:38] code 404, message File not found
::1 - - [13/Aug/2026 20:45:38] "GET /uploads/webp/wilderness-8.webp HTTP/1.1" 404 -
::1 - - [13/Aug/2026 20:45:38] code 404, message File not found
::1 - - [13/Aug/2026 20:45:38] "GET /c08a9813-3106-42fe-a66e-df8d2e0a8565 HTTP/1.1" 404 -
::1 - - [13/Aug/2026 20:45:38] code 404, message File not found
::1 - - [13/Aug/2026 20:45:38] "GET /622697fe-3784-40ef-baa9-6dfd1d31245d HTTP/1.1" 404 -
::1 - - [13/Aug/2026 20:45:52] code 404, message File not found
::1 - - [13/Aug/2026 20:45:52] "GET /uploads/webp/wilderness-9.webp HTTP/1.1" 404 -
::1 - - [13/Aug/2026 20:46:05] code 404, message File not found
::1 - - [13/Aug/2026 20:46:05] "GET /uploads/webp/wilderness-9.webp HTTP/1.1" 404 -
::1 - - [13/Aug/2026 20:47:59] "GET /uploads/apparel-thumbs/tshirts.webp HTTP/1.1" 200 -
::1 - - [13/Aug/2026 20:47:59] "GET /uploads/apparel-thumbs/polos.webp HTTP/1.1" 200 -
::1 - - [13/Aug/2026 20:47:59] "GET /uploads/apparel-thumbs/long-sleeve-tshirts.webp HTTP/1.1" 200 -
::1 - - [13/Aug/2026 20:50:02] "GET /index.html HTTP/1.1" 200 -
::1 - - [13/Aug/2026 20:50:13] code 404, message File not found
::1 - - [13/Aug/2026 20:50:13] "GET /uploads/webp/wilderness-8.webp HTTP/1.1" 404 -
::1 - - [13/Aug/2026 20:50:13] code 404, message File not found
::1 - - [13/Aug/2026 20:50:13] "GET /c08a9813-3106-42fe-a66e-df8d2e0a8565 HTTP/1.1" 404 -
::1 - - [13/Aug/2026 20:50:13] code 404, message File not found
::1 - - [13/Aug/2026 20:50:13] "GET /622697fe-3784-40ef-baa9-6dfd1d31245d HTTP/1.1" 404 -
::1 - - [13/Aug/2026 20:50:15] "GET /index.html?_=2 HTTP/1.1" 200 -
::1 - - [13/Aug/2026 20:51:11] "GET /index.html HTTP/1.1" 200 -
::1 - - [13/Aug/2026 20:51:11] "GET /shared-header.css HTTP/1.1" 200 -
::1 - - [13/Aug/2026 20:51:11] "GET /sticky-cta.js HTTP/1.1" 200 -
::1 - - [13/Aug/2026 20:51:11] "GET /assets/powerline-electrician.webp HTTP/1.1" 200 -
::1 - - [13/Aug/2026 20:51:11] "GET /cookie-consent.js HTTP/1.1" 200 -
::1 - - [13/Aug/2026 20:51:11] "GET /chat-launcher.js?v=20260729 HTTP/1.1" 200 -
::1 - - [13/Aug/2026 20:51:11] "GET /inject-header.js?v=20260813b HTTP/1.1" 200 -
::1 - - [13/Aug/2026 20:51:11] "GET /image-finder-tab.js HTTP/1.1" 200 -
::1 - - [13/Aug/2026 20:51:11] "GET /quiz-peek.js HTTP/1.1" 200 -
::1 - - [13/Aug/2026 20:51:11] "GET /deferred-media.js HTTP/1.1" 200 -
::1 - - [13/Aug/2026 20:51:11] "GET /accessibility.js?v=20260729 HTTP/1.1" 200 -
::1 - - [13/Aug/2026 20:51:11] "GET /assets/blueprint-background.webp HTTP/1.1" 200 -
::1 - - [13/Aug/2026 20:51:11] "GET /assets/speed-gauge.webp HTTP/1.1" 200 -
::1 - - [13/Aug/2026 20:51:11] "GET /assets/engineering-schematics.jpg HTTP/1.1" 200 -
::1 - - [13/Aug/2026 20:51:11] "GET /assets/google-search-plummers.webp HTTP/1.1" 200 -
::1 - - [13/Aug/2026 20:51:11] "GET /assets/messy-tech.webp HTTP/1.1" 200 -
::1 - - [13/Aug/2026 20:51:11] "GET /assets/white-engineering-background.webp HTTP/1.1" 200 -
::1 - - [13/Aug/2026 20:51:11] "GET /assets/electrician-hero.webp HTTP/1.1" 200 -
::1 - - [13/Aug/2026 20:51:11] "GET /assets/girl-saw.webp HTTP/1.1" 200 -
::1 - - [13/Aug/2026 20:51:11] "GET /shared-header.html HTTP/1.1" 200 -
::1 - - [13/Aug/2026 20:51:11] "GET /image-finder-tab.css HTTP/1.1" 200 -
::1 - - [13/Aug/2026 20:51:11] "GET /uploads/bubble-text.webp HTTP/1.1" 200 -
::1 - - [13/Aug/2026 20:51:11] "GET /uploads/plumbing.webp HTTP/1.1" 200 -
::1 - - [13/Aug/2026 20:51:11] "GET /assets/trade-hero-excavation.webp HTTP/1.1" 200 -
::1 - - [13/Aug/2026 20:51:11] "GET /assets/services-logoLight.webp HTTP/1.1" 200 -
::1 - - [13/Aug/2026 20:51:11] "GET /assets/toughjobs-monogram-logo.webp HTTP/1.1" 200 -
::1 - - [13/Aug/2026 20:51:11] "GET /assets/accessibility-logo.webp HTTP/1.1" 200 -
::1 - - [13/Aug/2026 20:51:11] "GET /assets/toughjobs-monogram-logo.webp?v=4 HTTP/1.1" 200 -
::1 - - [13/Aug/2026 20:51:11] "GET /assets/audio-visualizer.mp4 HTTP/1.1" 200 -
::1 - - [13/Aug/2026 20:51:11] code 404, message File not found
::1 - - [13/Aug/2026 20:51:11] "GET /favicon.ico HTTP/1.1" 404 -
::1 - - [13/Aug/2026 20:51:21] code 404, message File not found
::1 - - [13/Aug/2026 20:51:21] "GET /uploads/webp/wilderness-9.webp HTTP/1.1" 404 -
::1 - - [13/Aug/2026 20:52:45] "GET /clothing-apparel.html HTTP/1.1" 200 -
::1 - - [13/Aug/2026 20:52:45] code 404, message File not found
::1 - - [13/Aug/2026 20:52:45] "GET /uploads/webp/wilderness-9.webp HTTP/1.1" 404 -
::1 - - [13/Aug/2026 20:52:59] code 404, message File not found
::1 - - [13/Aug/2026 20:52:59] "GET /uploads/webp/wilderness-9.webp HTTP/1.1" 404 -
::1 - - [13/Aug/2026 20:52:59] code 404, message File not found
::1 - - [13/Aug/2026 20:52:59] "GET /uploads/webp/wilderness-2.webp HTTP/1.1" 404 -
::1 - - [13/Aug/2026 20:53:29] "GET /clothing-apparel.html?_=2 HTTP/1.1" 200 -
::1 - - [13/Aug/2026 20:53:29] code 404, message File not found
::1 - - [13/Aug/2026 20:53:29] "GET /uploads/webp/wilderness-9.webp HTTP/1.1" 404 -
::1 - - [13/Aug/2026 20:53:29] code 404, message File not found
::1 - - [13/Aug/2026 20:53:29] "GET /uploads/webp/wilderness-2.webp HTTP/1.1" 404 -
::1 - - [13/Aug/2026 20:54:12] "GET /clothing-apparel.html HTTP/1.1" 200 -
::1 - - [13/Aug/2026 20:55:11] code 404, message File not found
::1 - - [13/Aug/2026 20:55:11] "GET /uploads/webp/wilderness-9.webp HTTP/1.1" 404 -
::1 - - [13/Aug/2026 20:55:11] code 404, message File not found
::1 - - [13/Aug/2026 20:55:11] "GET /uploads/webp/wilderness-2.webp HTTP/1.1" 404 -
::1 - - [13/Aug/2026 20:55:17] "GET /clothing-apparel.html HTTP/1.1" 200 -
::1 - - [13/Aug/2026 20:55:17] "GET /service-page.css?v=20260804b HTTP/1.1" 200 -
::1 - - [13/Aug/2026 20:55:17] "GET /shared-header.css HTTP/1.1" 200 -
::1 - - [13/Aug/2026 20:55:17] "GET /css/service-longform.css HTTP/1.1" 200 -
::1 - - [13/Aug/2026 20:55:17] "GET /css/faq-band.css HTTP/1.1" 200 -
::1 - - [13/Aug/2026 20:55:17] "GET /css/trade-sections.css HTTP/1.1" 200 -
::1 - - [13/Aug/2026 20:55:17] "GET /uploads/polos-couple.webp HTTP/1.1" 200 -
::1 - - [13/Aug/2026 20:55:17] "GET /inject-footer.js HTTP/1.1" 200 -
::1 - - [13/Aug/2026 20:55:17] "GET /Images/Logos/toughjobs-fist-logo-small.webp HTTP/1.1" 200 -
::1 - - [13/Aug/2026 20:55:17] "GET /trade-data.js HTTP/1.1" 200 -
::1 - - [13/Aug/2026 20:55:17] "GET /service-page.js?v=20260729 HTTP/1.1" 200 -
::1 - - [13/Aug/2026 20:55:17] "GET /apparel-products.js HTTP/1.1" 200 -
::1 - - [13/Aug/2026 20:55:17] "GET /flying-tools.js HTTP/1.1" 200 -
::1 - - [13/Aug/2026 20:55:17] "GET /inject-header.js?v=20260813b HTTP/1.1" 200 -
::1 - - [13/Aug/2026 20:55:17] "GET /sticky-cta.js HTTP/1.1" 200 -
::1 - - [13/Aug/2026 20:55:17] "GET /cookie-consent.js HTTP/1.1" 200 -
::1 - - [13/Aug/2026 20:55:17] "GET /chat-launcher.js?v=20260729 HTTP/1.1" 200 -
::1 - - [13/Aug/2026 20:55:17] "GET /all-services-section.js HTTP/1.1" 200 -
::1 - - [13/Aug/2026 20:55:17] "GET /accessibility.js?v=20260729 HTTP/1.1" 200 -
::1 - - [13/Aug/2026 20:55:17] "GET /image-finder-tab.js HTTP/1.1" 200 -
::1 - - [13/Aug/2026 20:55:17] "GET /image-slot.js HTTP/1.1" 200 -
::1 - - [13/Aug/2026 20:55:17] "GET /shared-footer.html HTTP/1.1" 200 -
::1 - - [13/Aug/2026 20:55:17] "GET /service-hero-uniform.css?v=20260813b HTTP/1.1" 200 -
::1 - - [13/Aug/2026 20:55:17] "GET /shared-header.html HTTP/1.1" 200 -
::1 - - [13/Aug/2026 20:55:17] "GET /assets/accessibility-logo.webp HTTP/1.1" 200 -
::1 - - [13/Aug/2026 20:55:17] "GET /image-finder-tab.css HTTP/1.1" 200 -
::1 - - [13/Aug/2026 20:55:17] code 404, message File not found
::1 - - [13/Aug/2026 20:55:17] "GET /uploads/webp/wilderness-9.webp HTTP/1.1" 404 -
::1 - - [13/Aug/2026 20:55:17] "GET /assets/blueprint-bg-darker.webp HTTP/1.1" 200 -
::1 - - [13/Aug/2026 20:55:17] "GET /assets/blueprint-background.webp HTTP/1.1" 200 -
::1 - - [13/Aug/2026 20:55:17] "GET /assets/white-engineering-background.webp HTTP/1.1" 200 -
::1 - - [13/Aug/2026 20:55:17] code 404, message File not found
::1 - - [13/Aug/2026 20:55:17] "GET /uploads/webp/wilderness-2.webp HTTP/1.1" 404 -
::1 - - [13/Aug/2026 20:55:17] "GET /assets/floating-tools/chainsaw.webp HTTP/1.1" 200 -
::1 - - [13/Aug/2026 20:55:17] "GET /assets/floating-tools/hammer.webp HTTP/1.1" 200 -
::1 - - [13/Aug/2026 20:55:17] "GET /assets/floating-tools/trowel.webp HTTP/1.1" 200 -
::1 - - [13/Aug/2026 20:55:17] "GET /assets/floating-tools/screwdriver.webp HTTP/1.1" 200 -
::1 - - [13/Aug/2026 20:55:17] "GET /assets/floating-tools/tape-measure.webp HTTP/1.1" 200 -
::1 - - [13/Aug/2026 20:55:17] "GET /deferred-media.js HTTP/1.1" 200 -
::1 - - [13/Aug/2026 20:55:17] "GET /assets/toughjobs-monogram-logo.webp?v=4 HTTP/1.1" 200 -
::1 - - [13/Aug/2026 20:55:18] code 404, message File not found
::1 - - [13/Aug/2026 20:55:18] "GET /favicon.ico HTTP/1.1" 404 -
::1 - - [13/Aug/2026 20:58:09] "GET /clothing-apparel.html HTTP/1.1" 200 -
::1 - - [13/Aug/2026 20:58:09] code 404, message File not found
::1 - - [13/Aug/2026 20:58:09] "GET /uploads/webp/wilderness-9.webp HTTP/1.1" 404 -
::1 - - [13/Aug/2026 20:58:09] code 404, message File not found
::1 - - [13/Aug/2026 20:58:09] "GET /uploads/webp/wilderness-2.webp HTTP/1.1" 404 -
::1 - - [13/Aug/2026 20:58:14] "GET /clothing-apparel.html HTTP/1.1" 200 -
::1 - - [13/Aug/2026 20:58:14] "GET /service-page.css?v=20260804b HTTP/1.1" 200 -
::1 - - [13/Aug/2026 20:58:14] "GET /shared-header.css HTTP/1.1" 200 -
::1 - - [13/Aug/2026 20:58:14] "GET /css/service-longform.css HTTP/1.1" 200 -
::1 - - [13/Aug/2026 20:58:14] "GET /css/faq-band.css HTTP/1.1" 200 -
::1 - - [13/Aug/2026 20:58:14] "GET /css/trade-sections.css HTTP/1.1" 200 -
::1 - - [13/Aug/2026 20:58:14] "GET /uploads/polos-couple.webp HTTP/1.1" 200 -
::1 - - [13/Aug/2026 20:58:14] "GET /Images/Logos/toughjobs-fist-logo-small.webp HTTP/1.1" 200 -
::1 - - [13/Aug/2026 20:58:14] "GET /inject-footer.js HTTP/1.1" 200 -
::1 - - [13/Aug/2026 20:58:14] "GET /trade-data.js HTTP/1.1" 200 -
::1 - - [13/Aug/2026 20:58:14] "GET /service-page.js?v=20260729 HTTP/1.1" 200 -
::1 - - [13/Aug/2026 20:58:14] "GET /apparel-products.js HTTP/1.1" 200 -
::1 - - [13/Aug/2026 20:58:14] "GET /flying-tools.js HTTP/1.1" 200 -
::1 - - [13/Aug/2026 20:58:14] "GET /inject-header.js?v=20260813b HTTP/1.1" 200 -
::1 - - [13/Aug/2026 20:58:14] "GET /sticky-cta.js HTTP/1.1" 200 -
::1 - - [13/Aug/2026 20:58:14] "GET /cookie-consent.js HTTP/1.1" 200 -
::1 - - [13/Aug/2026 20:58:14] "GET /chat-launcher.js?v=20260729 HTTP/1.1" 200 -
::1 - - [13/Aug/2026 20:58:14] "GET /all-services-section.js HTTP/1.1" 200 -
::1 - - [13/Aug/2026 20:58:14] "GET /accessibility.js?v=20260729 HTTP/1.1" 200 -
::1 - - [13/Aug/2026 20:58:14] "GET /image-finder-tab.js HTTP/1.1" 200 -
::1 - - [13/Aug/2026 20:58:14] "GET /image-slot.js HTTP/1.1" 200 -
::1 - - [13/Aug/2026 20:58:14] "GET /shared-footer.html HTTP/1.1" 200 -
::1 - - [13/Aug/2026 20:58:14] "GET /service-hero-uniform.css?v=20260813b HTTP/1.1" 200 -
::1 - - [13/Aug/2026 20:58:14] "GET /shared-header.html HTTP/1.1" 200 -
::1 - - [13/Aug/2026 20:58:14] "GET /assets/accessibility-logo.webp HTTP/1.1" 200 -
::1 - - [13/Aug/2026 20:58:14] "GET /image-finder-tab.css HTTP/1.1" 200 -
::1 - - [13/Aug/2026 20:58:14] code 404, message File not found
::1 - - [13/Aug/2026 20:58:14] "GET /uploads/webp/wilderness-9.webp HTTP/1.1" 404 -
::1 - - [13/Aug/2026 20:58:14] "GET /assets/blueprint-bg-darker.webp HTTP/1.1" 200 -
::1 - - [13/Aug/2026 20:58:14] "GET /assets/blueprint-background.webp HTTP/1.1" 200 -
::1 - - [13/Aug/2026 20:58:14] "GET /assets/white-engineering-background.webp HTTP/1.1" 200 -
::1 - - [13/Aug/2026 20:58:14] code 404, message File not found
::1 - - [13/Aug/2026 20:58:14] "GET /uploads/webp/wilderness-2.webp HTTP/1.1" 404 -
::1 - - [13/Aug/2026 20:58:14] "GET /assets/floating-tools/chainsaw.webp HTTP/1.1" 200 -
::1 - - [13/Aug/2026 20:58:14] "GET /assets/floating-tools/hammer.webp HTTP/1.1" 200 -
::1 - - [13/Aug/2026 20:58:14] "GET /assets/floating-tools/trowel.webp HTTP/1.1" 200 -
::1 - - [13/Aug/2026 20:58:14] "GET /assets/floating-tools/screwdriver.webp HTTP/1.1" 200 -
::1 - - [13/Aug/2026 20:58:14] "GET /assets/floating-tools/tape-measure.webp HTTP/1.1" 200 -
::1 - - [13/Aug/2026 20:58:14] "GET /deferred-media.js HTTP/1.1" 200 -
::1 - - [13/Aug/2026 20:58:14] "GET /assets/toughjobs-monogram-logo.webp?v=4 HTTP/1.1" 200 -
::1 - - [13/Aug/2026 20:58:14] code 404, message File not found
::1 - - [13/Aug/2026 20:58:14] "GET /favicon.ico HTTP/1.1" 404 -
::1 - - [13/Aug/2026 21:09:20] "GET /clothing-apparel.html HTTP/1.1" 304 -
::1 - - [13/Aug/2026 21:09:20] code 404, message File not found
::1 - - [13/Aug/2026 21:09:20] "GET /uploads/webp/wilderness-9.webp HTTP/1.1" 404 -
::1 - - [13/Aug/2026 21:10:32] "GET /clothing-apparel.html HTTP/1.1" 304 -
::1 - - [13/Aug/2026 21:10:32] code 404, message File not found
::1 - - [13/Aug/2026 21:10:32] "GET /uploads/webp/wilderness-9.webp HTTP/1.1" 404 -
::1 - - [13/Aug/2026 21:10:32] code 404, message File not found
::1 - - [13/Aug/2026 21:10:32] "GET /uploads/webp/wilderness-2.webp HTTP/1.1" 404 -
::1 - - [13/Aug/2026 21:11:03] code 404, message File not found
::1 - - [13/Aug/2026 21:11:03] "GET /uploads/webp/wilderness-9.webp HTTP/1.1" 404 -
::1 - - [13/Aug/2026 21:11:03] code 404, message File not found
::1 - - [13/Aug/2026 21:11:03] "GET /uploads/webp/wilderness-2.webp HTTP/1.1" 404 -
::1 - - [13/Aug/2026 21:11:07] "GET /clothing-apparel.html HTTP/1.1" 200 -
::1 - - [13/Aug/2026 21:11:07] "GET /service-page.css?v=20260804b HTTP/1.1" 200 -
::1 - - [13/Aug/2026 21:11:07] "GET /shared-header.css HTTP/1.1" 200 -
::1 - - [13/Aug/2026 21:11:07] "GET /css/service-longform.css HTTP/1.1" 200 -
::1 - - [13/Aug/2026 21:11:07] "GET /css/faq-band.css HTTP/1.1" 200 -
::1 - - [13/Aug/2026 21:11:07] "GET /css/trade-sections.css HTTP/1.1" 200 -
::1 - - [13/Aug/2026 21:11:07] "GET /uploads/polos-couple.webp HTTP/1.1" 200 -
::1 - - [13/Aug/2026 21:11:07] "GET /inject-footer.js HTTP/1.1" 200 -
::1 - - [13/Aug/2026 21:11:07] "GET /trade-data.js HTTP/1.1" 200 -
::1 - - [13/Aug/2026 21:11:07] "GET /Images/Logos/toughjobs-fist-logo-small.webp HTTP/1.1" 200 -
::1 - - [13/Aug/2026 21:11:07] "GET /service-page.js?v=20260729 HTTP/1.1" 200 -
::1 - - [13/Aug/2026 21:11:07] "GET /apparel-products.js HTTP/1.1" 200 -
::1 - - [13/Aug/2026 21:11:07] "GET /flying-tools.js HTTP/1.1" 200 -
::1 - - [13/Aug/2026 21:11:07] "GET /inject-header.js?v=20260813b HTTP/1.1" 200 -
::1 - - [13/Aug/2026 21:11:07] "GET /sticky-cta.js HTTP/1.1" 200 -
::1 - - [13/Aug/2026 21:11:07] "GET /cookie-consent.js HTTP/1.1" 200 -
::1 - - [13/Aug/2026 21:11:07] "GET /chat-launcher.js?v=20260729 HTTP/1.1" 200 -
::1 - - [13/Aug/2026 21:11:07] "GET /all-services-section.js HTTP/1.1" 200 -
::1 - - [13/Aug/2026 21:11:07] "GET /accessibility.js?v=20260729 HTTP/1.1" 200 -
::1 - - [13/Aug/2026 21:11:07] "GET /image-finder-tab.js HTTP/1.1" 200 -
::1 - - [13/Aug/2026 21:11:07] "GET /image-slot.js HTTP/1.1" 200 -
::1 - - [13/Aug/2026 21:11:07] "GET /shared-footer.html HTTP/1.1" 200 -
::1 - - [13/Aug/2026 21:11:07] "GET /service-hero-uniform.css?v=20260813b HTTP/1.1" 200 -
::1 - - [13/Aug/2026 21:11:07] "GET /shared-header.html HTTP/1.1" 200 -
::1 - - [13/Aug/2026 21:11:07] "GET /assets/accessibility-logo.webp HTTP/1.1" 200 -
::1 - - [13/Aug/2026 21:11:07] "GET /image-finder-tab.css HTTP/1.1" 200 -
::1 - - [13/Aug/2026 21:11:07] code 404, message File not found
::1 - - [13/Aug/2026 21:11:07] "GET /uploads/webp/wilderness-9.webp HTTP/1.1" 404 -
::1 - - [13/Aug/2026 21:11:07] "GET /assets/blueprint-bg-darker.webp HTTP/1.1" 200 -
::1 - - [13/Aug/2026 21:11:07] "GET /assets/blueprint-background.webp HTTP/1.1" 200 -
::1 - - [13/Aug/2026 21:11:07] "GET /assets/white-engineering-background.webp HTTP/1.1" 200 -
::1 - - [13/Aug/2026 21:11:07] code 404, message File not found
::1 - - [13/Aug/2026 21:11:07] "GET /uploads/webp/wilderness-2.webp HTTP/1.1" 404 -
::1 - - [13/Aug/2026 21:11:07] "GET /assets/floating-tools/chainsaw.webp HTTP/1.1" 200 -
::1 - - [13/Aug/2026 21:11:07] "GET /assets/floating-tools/hammer.webp HTTP/1.1" 200 -
::1 - - [13/Aug/2026 21:11:07] "GET /assets/floating-tools/trowel.webp HTTP/1.1" 200 -
::1 - - [13/Aug/2026 21:11:07] "GET /assets/floating-tools/screwdriver.webp HTTP/1.1" 200 -
::1 - - [13/Aug/2026 21:11:07] "GET /assets/floating-tools/tape-measure.webp HTTP/1.1" 200 -
::1 - - [13/Aug/2026 21:11:07] "GET /deferred-media.js HTTP/1.1" 200 -
::1 - - [13/Aug/2026 21:11:07] "GET /assets/toughjobs-monogram-logo.webp?v=4 HTTP/1.1" 200 -
::1 - - [13/Aug/2026 21:11:07] code 404, message File not found
::1 - - [13/Aug/2026 21:11:07] "GET /favicon.ico HTTP/1.1" 404 -
::1 - - [13/Aug/2026 21:28:03] "GET /clothing-apparel.html HTTP/1.1" 304 -
::1 - - [13/Aug/2026 21:28:03] "GET /service-hero-uniform.css?v=20260813b HTTP/1.1" 304 -
::1 - - [13/Aug/2026 21:28:03] code 404, message File not found
::1 - - [13/Aug/2026 21:28:03] "GET /uploads/webp/wilderness-9.webp HTTP/1.1" 404 -
::1 - - [13/Aug/2026 21:28:09] "GET /uploads/apparel-thumbs/hoodies.webp HTTP/1.1" 200 -
::1 - - [13/Aug/2026 21:28:09] "GET /uploads/apparel-thumbs/tank-tops.webp HTTP/1.1" 200 -
::1 - - [13/Aug/2026 21:28:09] "GET /uploads/apparel-thumbs/baseball-hats.webp HTTP/1.1" 200 -
::1 - - [13/Aug/2026 21:28:09] "GET /uploads/apparel-thumbs/patches.webp HTTP/1.1" 200 -
::1 - - [13/Aug/2026 21:28:09] "GET /uploads/apparel-thumbs/safari-hats.webp HTTP/1.1" 200 -
::1 - - [13/Aug/2026 21:28:09] "GET /uploads/apparel-thumbs/jackets.webp HTTP/1.1" 200 -
::1 - - [13/Aug/2026 21:28:10] "GET /uploads/apparel-thumbs/work-pants.webp HTTP/1.1" 200 -
::1 - - [13/Aug/2026 21:28:10] "GET /uploads/apparel-thumbs/gloves.webp HTTP/1.1" 200 -
::1 - - [13/Aug/2026 21:28:10] "GET /uploads/apparel-thumbs/embroidery.webp HTTP/1.1" 200 -
::1 - - [13/Aug/2026 21:28:10] "GET /uploads/apparel-thumbs/dtf-transfers.webp HTTP/1.1" 200 -
::1 - - [16/Aug/2026 10:53:13] "GET /assets/construction-workers.mp4 HTTP/1.1" 304 -
