::1 - - [02/Aug/2026 13:18:56] "GET /about.html HTTP/1.1" 200 -
::1 - - [02/Aug/2026 13:19:02] "GET /about.html HTTP/1.1" 200 -
::1 - - [02/Aug/2026 13:21:59] "GET /about.html HTTP/1.1" 200 -
::1 - - [02/Aug/2026 13:21:59] "GET /shared-header.css HTTP/1.1" 304 -
::1 - - [02/Aug/2026 13:21:59] "GET /inject-header.js?v=20260802b HTTP/1.1" 304 -
::1 - - [02/Aug/2026 13:21:59] "GET /shared-header.html HTTP/1.1" 304 -
::1 - - [02/Aug/2026 13:21:59] code 404, message File not found
::1 - - [02/Aug/2026 13:21:59] "GET /favicon.ico HTTP/1.1" 404 -
::1 - - [02/Aug/2026 13:22:39] "GET /branding.html HTTP/1.1" 200 -
::1 - - [02/Aug/2026 13:22:39] "GET /service-page.css?v=20260729 HTTP/1.1" 304 -
::1 - - [02/Aug/2026 13:22:39] "GET /assets/trade-hero-restoration.webp HTTP/1.1" 200 -
::1 - - [02/Aug/2026 13:22:39] "GET /all-services-section.js HTTP/1.1" 304 -
::1 - - [02/Aug/2026 13:22:39] "GET /assets/wrap-truck-erik.webp HTTP/1.1" 200 -
::1 - - [02/Aug/2026 13:22:39] "GET /assets/wrap-trailer-guacnroll.webp HTTP/1.1" 200 -
::1 - - [02/Aug/2026 13:31:37] "GET /ai-automations.html HTTP/1.1" 200 -
::1 - - [02/Aug/2026 13:31:37] "GET /assets/primer-page-framing-drywall-1.webp HTTP/1.1" 200 -
::1 - - [02/Aug/2026 13:31:37] "GET /assets/partnership-schematics.webp HTTP/1.1" 200 -
::1 - - [02/Aug/2026 13:31:41] "GET /ai-automations.html HTTP/1.1" 304 -
::1 - - [02/Aug/2026 13:32:45] code 404, message File not found
::1 - - [02/Aug/2026 13:32:45] "GET /.well-known/appspecific/com.chrome.devtools.json HTTP/1.1" 404 -
::1 - - [02/Aug/2026 13:35:29] "GET /ai-automations.html HTTP/1.1" 304 -
::1 - - [02/Aug/2026 13:35:29] code 404, message File not found
::1 - - [02/Aug/2026 13:35:29] "GET /.well-known/appspecific/com.chrome.devtools.json HTTP/1.1" 404 -
::1 - - [02/Aug/2026 13:35:30] "GET /ai-automations.html HTTP/1.1" 304 -
::1 - - [02/Aug/2026 13:35:30] code 404, message File not found
::1 - - [02/Aug/2026 13:35:30] "GET /.well-known/appspecific/com.chrome.devtools.json HTTP/1.1" 404 -
::1 - - [02/Aug/2026 13:36:40] "GET /ai-automations.html HTTP/1.1" 304 -
::1 - - [02/Aug/2026 13:37:54] "GET /service-page.css HTTP/1.1" 200 -
::1 - - [02/Aug/2026 13:39:47] "GET /service-page.css HTTP/1.1" 200 -
::1 - - [02/Aug/2026 13:39:47] "GET /ai-automations.html HTTP/1.1" 200 -
::1 - - [02/Aug/2026 13:40:02] "GET /ai-automations.html HTTP/1.1" 200 -
::1 - - [02/Aug/2026 13:40:02] "GET /service-page.css?v=20260802a HTTP/1.1" 200 -
::1 - - [02/Aug/2026 13:40:02] "GET /shared-header.css HTTP/1.1" 200 -
::1 - - [02/Aug/2026 13:40:02] "GET /trade-data.js HTTP/1.1" 200 -
::1 - - [02/Aug/2026 13:40:02] "GET /inject-footer.js HTTP/1.1" 200 -
::1 - - [02/Aug/2026 13:40:02] "GET /assets/primer-page-framing-drywall-1.webp HTTP/1.1" 200 -
::1 - - [02/Aug/2026 13:40:02] "GET /service-page.js?v=20260729 HTTP/1.1" 200 -
::1 - - [02/Aug/2026 13:40:02] "GET /inject-header.js?v=20260802b HTTP/1.1" 200 -
::1 - - [02/Aug/2026 13:40:02] "GET /sticky-cta.js HTTP/1.1" 200 -
::1 - - [02/Aug/2026 13:40:02] "GET /accessibility.js?v=20260729 HTTP/1.1" 200 -
::1 - - [02/Aug/2026 13:40:02] "GET /image-finder-tab.js HTTP/1.1" 200 -
::1 - - [02/Aug/2026 13:40:02] "GET /shared-footer.html HTTP/1.1" 200 -
::1 - - [02/Aug/2026 13:40:02] "GET /assets/blueprint-bg-darker.webp HTTP/1.1" 200 -
::1 - - [02/Aug/2026 13:40:02] "GET /assets/blueprint-background.webp HTTP/1.1" 200 -
::1 - - [02/Aug/2026 13:40:02] "GET /assets/white-engineering-background.webp HTTP/1.1" 200 -
::1 - - [02/Aug/2026 13:40:02] "GET /assets/partnership-schematics.webp HTTP/1.1" 200 -
::1 - - [02/Aug/2026 13:40:02] "GET /service-hero-uniform.css?v=20260730b HTTP/1.1" 200 -
::1 - - [02/Aug/2026 13:40:02] "GET /image-finder-tab.css HTTP/1.1" 200 -
::1 - - [02/Aug/2026 13:40:02] "GET /shared-header.html HTTP/1.1" 200 -
::1 - - [02/Aug/2026 13:40:02] "GET /assets/accessibility-logo.webp HTTP/1.1" 200 -
::1 - - [02/Aug/2026 13:40:02] "GET /deferred-media.js HTTP/1.1" 200 -
::1 - - [02/Aug/2026 13:40:02] "GET /assets/toughjobs-monogram-logo.webp?v=4 HTTP/1.1" 200 -
::1 - - [02/Aug/2026 13:40:02] code 404, message File not found
::1 - - [02/Aug/2026 13:40:02] "GET /favicon.ico HTTP/1.1" 404 -
::1 - - [02/Aug/2026 13:40:15] "GET /ai-automations.html HTTP/1.1" 304 -
::1 - - [02/Aug/2026 13:40:15] "GET /service-page.css?v=20260802a HTTP/1.1" 304 -
::1 - - [02/Aug/2026 13:42:08] "GET /ai-automations.html HTTP/1.1" 200 -
::1 - - [02/Aug/2026 13:43:40] "GET /ai-automations.html HTTP/1.1" 200 -
::1 - - [02/Aug/2026 13:43:54] "HEAD /service-page.css?v=20260802a HTTP/1.1" 200 -
::1 - - [02/Aug/2026 13:43:54] "GET /service-page.css?v=20260802a HTTP/1.1" 200 -
::1 - - [02/Aug/2026 13:44:27] "GET /ai-automations.html HTTP/1.1" 200 -
::1 - - [02/Aug/2026 13:44:27] "GET /service-page.css?v=20260802b HTTP/1.1" 200 -
::1 - - [02/Aug/2026 13:44:27] "GET /shared-header.css HTTP/1.1" 200 -
::1 - - [02/Aug/2026 13:44:27] "GET /assets/primer-page-framing-drywall-1.webp HTTP/1.1" 200 -
::1 - - [02/Aug/2026 13:44:27] "GET /inject-footer.js HTTP/1.1" 200 -
::1 - - [02/Aug/2026 13:44:27] "GET /service-page.js?v=20260729 HTTP/1.1" 200 -
::1 - - [02/Aug/2026 13:44:27] "GET /trade-data.js HTTP/1.1" 200 -
::1 - - [02/Aug/2026 13:44:27] "GET /inject-header.js?v=20260802b HTTP/1.1" 200 -
::1 - - [02/Aug/2026 13:44:27] "GET /sticky-cta.js HTTP/1.1" 200 -
::1 - - [02/Aug/2026 13:44:27] "GET /accessibility.js?v=20260729 HTTP/1.1" 200 -
::1 - - [02/Aug/2026 13:44:27] "GET /image-finder-tab.js HTTP/1.1" 200 -
::1 - - [02/Aug/2026 13:44:27] "GET /shared-footer.html HTTP/1.1" 200 -
::1 - - [02/Aug/2026 13:44:27] "GET /assets/blueprint-bg-darker.webp HTTP/1.1" 200 -
::1 - - [02/Aug/2026 13:44:27] "GET /assets/partnership-schematics.webp HTTP/1.1" 200 -
::1 - - [02/Aug/2026 13:44:27] "GET /assets/blueprint-background.webp HTTP/1.1" 200 -
::1 - - [02/Aug/2026 13:44:27] "GET /assets/white-engineering-background.webp HTTP/1.1" 200 -
::1 - - [02/Aug/2026 13:44:27] "GET /service-hero-uniform.css?v=20260730b HTTP/1.1" 200 -
::1 - - [02/Aug/2026 13:44:27] "GET /image-finder-tab.css HTTP/1.1" 200 -
::1 - - [02/Aug/2026 13:44:27] "GET /assets/accessibility-logo.webp HTTP/1.1" 200 -
::1 - - [02/Aug/2026 13:44:27] "GET /shared-header.html HTTP/1.1" 200 -
::1 - - [02/Aug/2026 13:44:27] "GET /deferred-media.js HTTP/1.1" 200 -
::1 - - [02/Aug/2026 13:44:27] "GET /assets/toughjobs-monogram-logo.webp?v=4 HTTP/1.1" 200 -
::1 - - [02/Aug/2026 13:44:27] code 404, message File not found
::1 - - [02/Aug/2026 13:44:27] "GET /favicon.ico HTTP/1.1" 404 -
::1 - - [02/Aug/2026 13:44:35] "GET /service-page.css?v=20260802b HTTP/1.1" 304 -
::1 - - [02/Aug/2026 13:44:35] code 404, message File not found
::1 - - [02/Aug/2026 13:44:35] "GET /.well-known/appspecific/com.chrome.devtools.json HTTP/1.1" 404 -
::1 - - [02/Aug/2026 14:30:03] "GET /ai-automations.html HTTP/1.1" 200 -
::1 - - [02/Aug/2026 14:30:03] "GET /service-page.css?v=20260802c HTTP/1.1" 200 -
::1 - - [02/Aug/2026 14:30:03] "GET /shared-header.css HTTP/1.1" 304 -
::1 - - [02/Aug/2026 14:31:10] "GET /ai-automations.html HTTP/1.1" 200 -
::1 - - [02/Aug/2026 14:31:10] "GET /service-page.css?v=20260802c HTTP/1.1" 200 -
::1 - - [02/Aug/2026 14:31:10] "GET /shared-header.css HTTP/1.1" 200 -
::1 - - [02/Aug/2026 14:31:10] "GET /assets/primer-page-framing-drywall-1.webp HTTP/1.1" 200 -
::1 - - [02/Aug/2026 14:31:10] "GET /service-page.js?v=20260729 HTTP/1.1" 200 -
::1 - - [02/Aug/2026 14:31:10] "GET /inject-footer.js HTTP/1.1" 200 -
::1 - - [02/Aug/2026 14:31:10] "GET /trade-data.js HTTP/1.1" 200 -
::1 - - [02/Aug/2026 14:31:10] "GET /inject-header.js?v=20260802b HTTP/1.1" 200 -
::1 - - [02/Aug/2026 14:31:10] "GET /sticky-cta.js HTTP/1.1" 200 -
::1 - - [02/Aug/2026 14:31:10] "GET /accessibility.js?v=20260729 HTTP/1.1" 200 -
::1 - - [02/Aug/2026 14:31:10] "GET /image-finder-tab.js HTTP/1.1" 200 -
::1 - - [02/Aug/2026 14:31:10] "GET /shared-footer.html HTTP/1.1" 200 -
::1 - - [02/Aug/2026 14:31:10] "GET /assets/blueprint-bg-darker.webp HTTP/1.1" 200 -
::1 - - [02/Aug/2026 14:31:10] "GET /assets/white-engineering-background.webp HTTP/1.1" 200 -
::1 - - [02/Aug/2026 14:31:10] "GET /assets/partnership-schematics.webp HTTP/1.1" 200 -
::1 - - [02/Aug/2026 14:31:10] "GET /assets/blueprint-background.webp HTTP/1.1" 200 -
::1 - - [02/Aug/2026 14:31:10] "GET /service-hero-uniform.css?v=20260730b HTTP/1.1" 200 -
::1 - - [02/Aug/2026 14:31:10] "GET /image-finder-tab.css HTTP/1.1" 200 -
::1 - - [02/Aug/2026 14:31:10] "GET /shared-header.html HTTP/1.1" 200 -
::1 - - [02/Aug/2026 14:31:10] "GET /assets/accessibility-logo.webp HTTP/1.1" 200 -
::1 - - [02/Aug/2026 14:31:10] "GET /deferred-media.js HTTP/1.1" 200 -
::1 - - [02/Aug/2026 14:31:10] "GET /assets/toughjobs-monogram-logo.webp?v=4 HTTP/1.1" 200 -
::1 - - [02/Aug/2026 14:31:11] code 404, message File not found
::1 - - [02/Aug/2026 14:31:11] "GET /favicon.ico HTTP/1.1" 404 -
::1 - - [02/Aug/2026 14:31:49] "GET /assets/trade-hero-excavation.webp HTTP/1.1" 200 -
::1 - - [02/Aug/2026 14:31:50] "GET /assets/toughjobs-monogram-logo.webp HTTP/1.1" 200 -
::1 - - [02/Aug/2026 14:32:03] "GET /branding.html HTTP/1.1" 200 -
::1 - - [02/Aug/2026 14:32:03] "GET /service-page.css?v=20260802c HTTP/1.1" 304 -
::1 - - [02/Aug/2026 14:32:05] "GET /assets/customer-technician.webp HTTP/1.1" 200 -
::1 - - [02/Aug/2026 14:32:05] "GET /assets/print-collateral-carousel01.webp HTTP/1.1" 200 -
::1 - - [02/Aug/2026 17:07:24] "GET /assets/construction-workers.mp4 HTTP/1.1" 304 -
::1 - - [03/Aug/2026 08:45:47] "GET /index.html HTTP/1.1" 200 -
::1 - - [03/Aug/2026 08:45:47] "GET /assets/powerline-electrician.webp HTTP/1.1" 304 -
::1 - - [03/Aug/2026 08:45:47] "GET /sticky-cta.js HTTP/1.1" 304 -
::1 - - [03/Aug/2026 08:45:47] "GET /cookie-consent.js HTTP/1.1" 304 -
::1 - - [03/Aug/2026 08:45:47] "GET /chat-launcher.js?v=20260729 HTTP/1.1" 304 -
::1 - - [03/Aug/2026 08:45:47] "GET /shared-header.css HTTP/1.1" 200 -
::1 - - [03/Aug/2026 08:45:47] "GET /inject-header.js?v=20260802b HTTP/1.1" 304 -
::1 - - [03/Aug/2026 08:45:47] "GET /quiz-peek.js HTTP/1.1" 200 -
::1 - - [03/Aug/2026 08:45:47] "GET /image-finder-tab.js HTTP/1.1" 304 -
::1 - - [03/Aug/2026 08:45:47] "GET /deferred-media.js HTTP/1.1" 304 -
::1 - - [03/Aug/2026 08:45:47] "GET /accessibility.js?v=20260729 HTTP/1.1" 304 -
::1 - - [03/Aug/2026 08:45:47] "GET /assets/white-engineering-background.webp HTTP/1.1" 304 -
::1 - - [03/Aug/2026 08:45:47] "GET /assets/engineering-schematics.jpg HTTP/1.1" 200 -
::1 - - [03/Aug/2026 08:45:47] "GET /assets/blueprint-background.webp HTTP/1.1" 304 -
::1 - - [03/Aug/2026 08:45:47] "GET /assets/speed-gauge.webp HTTP/1.1" 200 -
::1 - - [03/Aug/2026 08:45:47] "GET /assets/google-search-plummers.webp HTTP/1.1" 200 -
::1 - - [03/Aug/2026 08:45:47] "GET /assets/messy-tech.webp HTTP/1.1" 200 -
::1 - - [03/Aug/2026 08:45:47] "GET /assets/electrician-hero.webp HTTP/1.1" 200 -
::1 - - [03/Aug/2026 08:45:47] "GET /assets/erik-electrical-toughjobs.webp HTTP/1.1" 304 -
::1 - - [03/Aug/2026 08:45:47] "GET /shared-header.html HTTP/1.1" 304 -
::1 - - [03/Aug/2026 08:45:47] "GET /image-finder-tab.css HTTP/1.1" 304 -
::1 - - [03/Aug/2026 08:45:47] "GET /uploads/bubble-text.webp HTTP/1.1" 200 -
::1 - - [03/Aug/2026 08:45:47] "GET /uploads/plumbing.webp HTTP/1.1" 200 -
::1 - - [03/Aug/2026 08:45:47] "GET /assets/toughjobs-monogram-logo.webp?v=4 HTTP/1.1" 304 -
::1 - - [03/Aug/2026 08:45:47] "GET /assets/accessibility-logo.webp HTTP/1.1" 304 -
::1 - - [03/Aug/2026 08:45:47] code 404, message File not found
::1 - - [03/Aug/2026 08:45:47] "GET /favicon.ico HTTP/1.1" 404 -
::1 - - [03/Aug/2026 08:45:53] "GET /assets/girl-saw.webp HTTP/1.1" 200 -
::1 - - [03/Aug/2026 08:45:57] "GET /trade-concrete-paving.html HTTP/1.1" 200 -
::1 - - [03/Aug/2026 08:45:57] "GET /trade-base.css?v=20260802k HTTP/1.1" 200 -
::1 - - [03/Aug/2026 08:45:57] "GET /assets/trade-hero-concrete-paving.webp HTTP/1.1" 304 -
::1 - - [03/Aug/2026 08:45:57] "GET /back-cta.js HTTP/1.1" 304 -
::1 - - [03/Aug/2026 08:45:57] "GET /service-hero-uniform.css?v=20260730b HTTP/1.1" 304 -
::1 - - [03/Aug/2026 08:45:57] "GET /assets/partnership-schematics-light.webp HTTP/1.1" 304 -
::1 - - [03/Aug/2026 09:05:58] "GET /assets/construction-workers.mp4 HTTP/1.1" 304 -
::1 - - [03/Aug/2026 09:09:07] "GET /trade-concrete-paving.html HTTP/1.1" 200 -
::1 - - [03/Aug/2026 09:12:08] "GET /trade-concrete-paving.html HTTP/1.1" 304 -
::1 - - [03/Aug/2026 09:21:56] "GET /trade-concrete-paving.html HTTP/1.1" 304 -
::1 - - [03/Aug/2026 09:22:25] "GET /trade-concrete-paving.html HTTP/1.1" 200 -
::1 - - [03/Aug/2026 09:22:26] "GET /trade-base.css?v=20260802k HTTP/1.1" 200 -
::1 - - [03/Aug/2026 09:22:26] "GET /shared-header.css HTTP/1.1" 200 -
::1 - - [03/Aug/2026 09:22:26] "GET /assets/trade-hero-concrete-paving.webp HTTP/1.1" 200 -
::1 - - [03/Aug/2026 09:22:26] "GET /cookie-consent.js HTTP/1.1" 200 -
::1 - - [03/Aug/2026 09:22:26] "GET /inject-header.js?v=20260802b HTTP/1.1" 200 -
::1 - - [03/Aug/2026 09:22:26] "GET /chat-launcher.js?v=20260729 HTTP/1.1" 200 -
::1 - - [03/Aug/2026 09:22:26] "GET /back-cta.js HTTP/1.1" 200 -
::1 - - [03/Aug/2026 09:22:26] "GET /image-finder-tab.js HTTP/1.1" 200 -
::1 - - [03/Aug/2026 09:22:26] "GET /sticky-cta.js HTTP/1.1" 200 -
::1 - - [03/Aug/2026 09:22:26] "GET /deferred-media.js HTTP/1.1" 200 -
::1 - - [03/Aug/2026 09:22:26] "GET /accessibility.js?v=20260729 HTTP/1.1" 200 -
::1 - - [03/Aug/2026 09:22:26] "GET /service-hero-uniform.css?v=20260730b HTTP/1.1" 200 -
::1 - - [03/Aug/2026 09:22:26] "GET /shared-header.html HTTP/1.1" 200 -
::1 - - [03/Aug/2026 09:22:26] "GET /assets/blueprint-background.webp HTTP/1.1" 200 -
::1 - - [03/Aug/2026 09:22:26] "GET /assets/partnership-schematics-light.webp HTTP/1.1" 200 -
::1 - - [03/Aug/2026 09:22:26] "GET /image-finder-tab.css HTTP/1.1" 200 -
::1 - - [03/Aug/2026 09:22:26] "GET /assets/accessibility-logo.webp HTTP/1.1" 200 -
::1 - - [03/Aug/2026 09:22:26] "GET /assets/toughjobs-monogram-logo.webp?v=4 HTTP/1.1" 200 -
::1 - - [03/Aug/2026 09:22:26] code 404, message File not found
::1 - - [03/Aug/2026 09:22:26] "GET /favicon.ico HTTP/1.1" 404 -
::1 - - [03/Aug/2026 09:23:10] "GET /trade-concrete-paving.html HTTP/1.1" 200 -
::1 - - [03/Aug/2026 09:23:10] "GET /trade-base.css?v=20260803a HTTP/1.1" 200 -
::1 - - [03/Aug/2026 09:23:11] "GET /trade-concrete-paving.html HTTP/1.1" 304 -
::1 - - [03/Aug/2026 09:24:08] "GET /trade-concrete-paving.html HTTP/1.1" 304 -
::1 - - [03/Aug/2026 09:24:08] "GET /trade-base.css?v=20260803a HTTP/1.1" 304 -
::1 - - [03/Aug/2026 09:24:42] "GET /trade-concrete-paving.html HTTP/1.1" 304 -
::1 - - [03/Aug/2026 09:24:47] "GET /trade-base.css?v=20260803a HTTP/1.1" 304 -
::1 - - [03/Aug/2026 09:24:50] "GET /trade-general-contractors.html HTTP/1.1" 200 -
::1 - - [03/Aug/2026 09:24:50] "GET /trade-base.css?v=20260802k HTTP/1.1" 304 -
::1 - - [03/Aug/2026 09:24:50] "GET /assets/trade-hero-general-contractors.webp HTTP/1.1" 200 -
::1 - - [03/Aug/2026 10:16:34] "GET /trade-masonry.html HTTP/1.1" 200 -
::1 - - [03/Aug/2026 10:16:34] "GET /trade-base.css?v=20260803a HTTP/1.1" 200 -
::1 - - [03/Aug/2026 10:16:34] "GET /shared-header.css HTTP/1.1" 304 -
::1 - - [03/Aug/2026 10:16:34] "GET /assets/trade-hero-masonry.webp HTTP/1.1" 200 -
::1 - - [03/Aug/2026 10:16:34] "GET /inject-header.js?v=20260802b HTTP/1.1" 200 -
::1 - - [03/Aug/2026 10:16:34] "GET /back-cta.js HTTP/1.1" 200 -
::1 - - [03/Aug/2026 10:16:34] "GET /chat-launcher.js?v=20260729 HTTP/1.1" 304 -
::1 - - [03/Aug/2026 10:16:34] "GET /cookie-consent.js HTTP/1.1" 304 -
::1 - - [03/Aug/2026 10:16:34] "GET /image-finder-tab.js HTTP/1.1" 200 -
::1 - - [03/Aug/2026 10:16:34] "GET /sticky-cta.js HTTP/1.1" 200 -
::1 - - [03/Aug/2026 10:16:34] "GET /accessibility.js?v=20260729 HTTP/1.1" 200 -
::1 - - [03/Aug/2026 10:16:34] "GET /deferred-media.js HTTP/1.1" 304 -
::1 - - [03/Aug/2026 10:16:34] "GET /assets/blueprint-background.webp HTTP/1.1" 200 -
::1 - - [03/Aug/2026 10:16:34] "GET /assets/partnership-schematics-light.webp HTTP/1.1" 200 -
::1 - - [03/Aug/2026 10:16:34] "GET /service-hero-uniform.css?v=20260730b HTTP/1.1" 304 -
::1 - - [03/Aug/2026 10:16:34] "GET /shared-header.html HTTP/1.1" 304 -
::1 - - [03/Aug/2026 10:16:34] "GET /image-finder-tab.css HTTP/1.1" 304 -
::1 - - [03/Aug/2026 10:16:34] "GET /assets/toughjobs-monogram-logo.webp?v=4 HTTP/1.1" 200 -
::1 - - [03/Aug/2026 10:16:34] "GET /assets/accessibility-logo.webp HTTP/1.1" 200 -
::1 - - [03/Aug/2026 10:16:37] "GET /assets/mockups/masonry-stone-work.webp HTTP/1.1" 200 -
::1 - - [03/Aug/2026 10:16:38] "GET /assets/toughjobs-monogram-logo.webp HTTP/1.1" 200 -
::1 - - [03/Aug/2026 10:16:39] "GET /assets/trade-hero-excavation.webp HTTP/1.1" 200 -
::1 - - [03/Aug/2026 10:16:43] "GET /trade-images/masonry.webp HTTP/1.1" 200 -
